Archive member included because of file (symbol)

d:/tools/arm/gnu tools arm embedded/bin/../lib/gcc/arm-none-eabi/4.9.3/armv7-m\libgcc.a(unwind-arm.o)
                              ..\obj\main.o (__aeabi_unwind_cpp_pr0)
d:/tools/arm/gnu tools arm embedded/bin/../lib/gcc/arm-none-eabi/4.9.3/armv7-m\libgcc.a(libunwind.o)
                              d:/tools/arm/gnu tools arm embedded/bin/../lib/gcc/arm-none-eabi/4.9.3/armv7-m\libgcc.a(unwind-arm.o) (restore_core_regs)
d:/tools/arm/gnu tools arm embedded/bin/../lib/gcc/arm-none-eabi/4.9.3/armv7-m\libgcc.a(pr-support.o)
                              d:/tools/arm/gnu tools arm embedded/bin/../lib/gcc/arm-none-eabi/4.9.3/armv7-m\libgcc.a(unwind-arm.o) (__gnu_unwind_execute)
d:/tools/arm/gnu tools arm embedded/bin/../lib/gcc/arm-none-eabi/4.9.3/../../../../arm-none-eabi/lib/armv7-m\libc.a(lib_a-abort.o)
                              d:/tools/arm/gnu tools arm embedded/bin/../lib/gcc/arm-none-eabi/4.9.3/armv7-m\libgcc.a(unwind-arm.o) (abort)
d:/tools/arm/gnu tools arm embedded/bin/../lib/gcc/arm-none-eabi/4.9.3/../../../../arm-none-eabi/lib/armv7-m\libc.a(lib_a-exit.o)
                              d:/tools/arm/gnu tools arm embedded/bin/../lib/gcc/arm-none-eabi/4.9.3/../../../../arm-none-eabi/lib/armv7-m/crt0.o (exit)
d:/tools/arm/gnu tools arm embedded/bin/../lib/gcc/arm-none-eabi/4.9.3/../../../../arm-none-eabi/lib/armv7-m\libc.a(lib_a-impure.o)
                              d:/tools/arm/gnu tools arm embedded/bin/../lib/gcc/arm-none-eabi/4.9.3/../../../../arm-none-eabi/lib/armv7-m\libc.a(lib_a-exit.o) (_global_impure_ptr)
d:/tools/arm/gnu tools arm embedded/bin/../lib/gcc/arm-none-eabi/4.9.3/../../../../arm-none-eabi/lib/armv7-m\libc.a(lib_a-init.o)
                              d:/tools/arm/gnu tools arm embedded/bin/../lib/gcc/arm-none-eabi/4.9.3/../../../../arm-none-eabi/lib/armv7-m/crt0.o (__libc_init_array)
d:/tools/arm/gnu tools arm embedded/bin/../lib/gcc/arm-none-eabi/4.9.3/../../../../arm-none-eabi/lib/armv7-m\libc.a(lib_a-memcpy.o)
                              ..\obj\startup_stm32f10x_md.o (memcpy)
d:/tools/arm/gnu tools arm embedded/bin/../lib/gcc/arm-none-eabi/4.9.3/../../../../arm-none-eabi/lib/armv7-m\libc.a(lib_a-memset.o)
                              d:/tools/arm/gnu tools arm embedded/bin/../lib/gcc/arm-none-eabi/4.9.3/../../../../arm-none-eabi/lib/armv7-m/crt0.o (memset)
d:/tools/arm/gnu tools arm embedded/bin/../lib/gcc/arm-none-eabi/4.9.3/../../../../arm-none-eabi/lib/armv7-m\libc.a(lib_a-signal.o)
                              d:/tools/arm/gnu tools arm embedded/bin/../lib/gcc/arm-none-eabi/4.9.3/../../../../arm-none-eabi/lib/armv7-m\libc.a(lib_a-abort.o) (raise)
d:/tools/arm/gnu tools arm embedded/bin/../lib/gcc/arm-none-eabi/4.9.3/../../../../arm-none-eabi/lib/armv7-m\libc.a(lib_a-signalr.o)
                              d:/tools/arm/gnu tools arm embedded/bin/../lib/gcc/arm-none-eabi/4.9.3/../../../../arm-none-eabi/lib/armv7-m\libc.a(lib_a-signal.o) (_kill_r)
d:/tools/arm/gnu tools arm embedded/bin/../lib/gcc/arm-none-eabi/4.9.3/../../../../arm-none-eabi/lib/armv7-m\libc.a(lib_a-__call_atexit.o)
                              d:/tools/arm/gnu tools arm embedded/bin/../lib/gcc/arm-none-eabi/4.9.3/../../../../arm-none-eabi/lib/armv7-m\libc.a(lib_a-exit.o) (__call_exitprocs)
d:/tools/arm/gnu tools arm embedded/bin/../lib/gcc/arm-none-eabi/4.9.3/../../../../arm-none-eabi/lib/armv7-m\libc.a(lib_a-atexit.o)
                              d:/tools/arm/gnu tools arm embedded/bin/../lib/gcc/arm-none-eabi/4.9.3/../../../../arm-none-eabi/lib/armv7-m\libc.a(lib_a-__call_atexit.o) (atexit)
d:/tools/arm/gnu tools arm embedded/bin/../lib/gcc/arm-none-eabi/4.9.3/../../../../arm-none-eabi/lib/armv7-m\libc.a(lib_a-fini.o)
                              d:/tools/arm/gnu tools arm embedded/bin/../lib/gcc/arm-none-eabi/4.9.3/../../../../arm-none-eabi/lib/armv7-m\libc.a(lib_a-__call_atexit.o) (__libc_fini_array)
d:/tools/arm/gnu tools arm embedded/bin/../lib/gcc/arm-none-eabi/4.9.3/../../../../arm-none-eabi/lib/armv7-m\libc.a(lib_a-mallocr.o)
                              d:/tools/arm/gnu tools arm embedded/bin/../lib/gcc/arm-none-eabi/4.9.3/../../../../arm-none-eabi/lib/armv7-m\libc.a(lib_a-signal.o) (_malloc_r)
d:/tools/arm/gnu tools arm embedded/bin/../lib/gcc/arm-none-eabi/4.9.3/../../../../arm-none-eabi/lib/armv7-m\libc.a(lib_a-mlock.o)
                              d:/tools/arm/gnu tools arm embedded/bin/../lib/gcc/arm-none-eabi/4.9.3/../../../../arm-none-eabi/lib/armv7-m\libc.a(lib_a-mallocr.o) (__malloc_lock)
d:/tools/arm/gnu tools arm embedded/bin/../lib/gcc/arm-none-eabi/4.9.3/../../../../arm-none-eabi/lib/armv7-m\libc.a(lib_a-reent.o)
                              d:/tools/arm/gnu tools arm embedded/bin/../lib/gcc/arm-none-eabi/4.9.3/../../../../arm-none-eabi/lib/armv7-m\libc.a(lib_a-signalr.o) (errno)
d:/tools/arm/gnu tools arm embedded/bin/../lib/gcc/arm-none-eabi/4.9.3/../../../../arm-none-eabi/lib/armv7-m\libc.a(lib_a-sbrkr.o)
                              d:/tools/arm/gnu tools arm embedded/bin/../lib/gcc/arm-none-eabi/4.9.3/../../../../arm-none-eabi/lib/armv7-m\libc.a(lib_a-mallocr.o) (_sbrk_r)
d:/tools/arm/gnu tools arm embedded/bin/../lib/gcc/arm-none-eabi/4.9.3/../../../../arm-none-eabi/lib/armv7-m\libc.a(lib_a-__atexit.o)
                              d:/tools/arm/gnu tools arm embedded/bin/../lib/gcc/arm-none-eabi/4.9.3/../../../../arm-none-eabi/lib/armv7-m\libc.a(lib_a-atexit.o) (__register_exitproc)
d:/tools/arm/gnu tools arm embedded/bin/../lib/gcc/arm-none-eabi/4.9.3/../../../../arm-none-eabi/lib/armv7-m\libc.a(lib_a-freer.o)
                              d:/tools/arm/gnu tools arm embedded/bin/../lib/gcc/arm-none-eabi/4.9.3/../../../../arm-none-eabi/lib/armv7-m\libc.a(lib_a-mallocr.o) (_free_r)
d:/tools/arm/gnu tools arm embedded/bin/../lib/gcc/arm-none-eabi/4.9.3/../../../../arm-none-eabi/lib/armv7-m\librdimon.a(rdimon-syscalls.o)
                              d:/tools/arm/gnu tools arm embedded/bin/../lib/gcc/arm-none-eabi/4.9.3/../../../../arm-none-eabi/lib/armv7-m\libc.a(lib_a-signalr.o) (_getpid)
d:/tools/arm/gnu tools arm embedded/bin/../lib/gcc/arm-none-eabi/4.9.3/../../../../arm-none-eabi/lib/armv7-m\librdimon.a(rdimon-_exit.o)
                              d:/tools/arm/gnu tools arm embedded/bin/../lib/gcc/arm-none-eabi/4.9.3/../../../../arm-none-eabi/lib/armv7-m\libc.a(lib_a-abort.o) (_exit)
d:/tools/arm/gnu tools arm embedded/bin/../lib/gcc/arm-none-eabi/4.9.3/../../../../arm-none-eabi/lib/armv7-m\librdimon.a(rdimon-_kill.o)
                              d:/tools/arm/gnu tools arm embedded/bin/../lib/gcc/arm-none-eabi/4.9.3/../../../../arm-none-eabi/lib/armv7-m\libc.a(lib_a-signalr.o) (_kill)
d:/tools/arm/gnu tools arm embedded/bin/../lib/gcc/arm-none-eabi/4.9.3/../../../../arm-none-eabi/lib/armv7-m\libg.a(lib_a-errno.o)
                              d:/tools/arm/gnu tools arm embedded/bin/../lib/gcc/arm-none-eabi/4.9.3/../../../../arm-none-eabi/lib/armv7-m\librdimon.a(rdimon-syscalls.o) (__errno)
d:/tools/arm/gnu tools arm embedded/bin/../lib/gcc/arm-none-eabi/4.9.3/../../../../arm-none-eabi/lib/armv7-m\libg.a(lib_a-findfp.o)
                              d:/tools/arm/gnu tools arm embedded/bin/../lib/gcc/arm-none-eabi/4.9.3/../../../../arm-none-eabi/lib/armv7-m\librdimon.a(rdimon-syscalls.o) (__sinit)
d:/tools/arm/gnu tools arm embedded/bin/../lib/gcc/arm-none-eabi/4.9.3/../../../../arm-none-eabi/lib/armv7-m\libg.a(lib_a-fwalk.o)
                              d:/tools/arm/gnu tools arm embedded/bin/../lib/gcc/arm-none-eabi/4.9.3/../../../../arm-none-eabi/lib/armv7-m\libg.a(lib_a-findfp.o) (_fwalk)
d:/tools/arm/gnu tools arm embedded/bin/../lib/gcc/arm-none-eabi/4.9.3/../../../../arm-none-eabi/lib/armv7-m\libg.a(lib_a-stdio.o)
                              d:/tools/arm/gnu tools arm embedded/bin/../lib/gcc/arm-none-eabi/4.9.3/../../../../arm-none-eabi/lib/armv7-m\libg.a(lib_a-findfp.o) (__sread)
d:/tools/arm/gnu tools arm embedded/bin/../lib/gcc/arm-none-eabi/4.9.3/../../../../arm-none-eabi/lib/armv7-m\libg.a(lib_a-strlen.o)
                              d:/tools/arm/gnu tools arm embedded/bin/../lib/gcc/arm-none-eabi/4.9.3/../../../../arm-none-eabi/lib/armv7-m\librdimon.a(rdimon-syscalls.o) (strlen)
d:/tools/arm/gnu tools arm embedded/bin/../lib/gcc/arm-none-eabi/4.9.3/../../../../arm-none-eabi/lib/armv7-m\libg.a(lib_a-writer.o)
                              d:/tools/arm/gnu tools arm embedded/bin/../lib/gcc/arm-none-eabi/4.9.3/../../../../arm-none-eabi/lib/armv7-m\libg.a(lib_a-stdio.o) (_write_r)
d:/tools/arm/gnu tools arm embedded/bin/../lib/gcc/arm-none-eabi/4.9.3/../../../../arm-none-eabi/lib/armv7-m\libg.a(lib_a-closer.o)
                              d:/tools/arm/gnu tools arm embedded/bin/../lib/gcc/arm-none-eabi/4.9.3/../../../../arm-none-eabi/lib/armv7-m\libg.a(lib_a-stdio.o) (_close_r)
d:/tools/arm/gnu tools arm embedded/bin/../lib/gcc/arm-none-eabi/4.9.3/../../../../arm-none-eabi/lib/armv7-m\libg.a(lib_a-fclose.o)
                              d:/tools/arm/gnu tools arm embedded/bin/../lib/gcc/arm-none-eabi/4.9.3/../../../../arm-none-eabi/lib/armv7-m\libg.a(lib_a-findfp.o) (_fclose_r)
d:/tools/arm/gnu tools arm embedded/bin/../lib/gcc/arm-none-eabi/4.9.3/../../../../arm-none-eabi/lib/armv7-m\libg.a(lib_a-fflush.o)
                              d:/tools/arm/gnu tools arm embedded/bin/../lib/gcc/arm-none-eabi/4.9.3/../../../../arm-none-eabi/lib/armv7-m\libg.a(lib_a-fclose.o) (__sflush_r)
d:/tools/arm/gnu tools arm embedded/bin/../lib/gcc/arm-none-eabi/4.9.3/../../../../arm-none-eabi/lib/armv7-m\libg.a(lib_a-lseekr.o)
                              d:/tools/arm/gnu tools arm embedded/bin/../lib/gcc/arm-none-eabi/4.9.3/../../../../arm-none-eabi/lib/armv7-m\libg.a(lib_a-stdio.o) (_lseek_r)
d:/tools/arm/gnu tools arm embedded/bin/../lib/gcc/arm-none-eabi/4.9.3/../../../../arm-none-eabi/lib/armv7-m\libg.a(lib_a-readr.o)
                              d:/tools/arm/gnu tools arm embedded/bin/../lib/gcc/arm-none-eabi/4.9.3/../../../../arm-none-eabi/lib/armv7-m\libg.a(lib_a-stdio.o) (_read_r)

Allocating common symbols
Common symbol       size              file

errno               0x4               d:/tools/arm/gnu tools arm embedded/bin/../lib/gcc/arm-none-eabi/4.9.3/../../../../arm-none-eabi/lib/armv7-m\libc.a(lib_a-reent.o)

Discarded input sections

 .text          0x00000000        0x0 d:/tools/arm/gnu tools arm embedded/bin/../lib/gcc/arm-none-eabi/4.9.3/armv7-m/crti.o
 .data          0x00000000        0x0 d:/tools/arm/gnu tools arm embedded/bin/../lib/gcc/arm-none-eabi/4.9.3/armv7-m/crti.o
 .bss           0x00000000        0x0 d:/tools/arm/gnu tools arm embedded/bin/../lib/gcc/arm-none-eabi/4.9.3/armv7-m/crti.o
 .data          0x00000000        0x4 d:/tools/arm/gnu tools arm embedded/bin/../lib/gcc/arm-none-eabi/4.9.3/armv7-m/crtbegin.o
 .text          0x00000000       0x74 d:/tools/arm/gnu tools arm embedded/bin/../lib/gcc/arm-none-eabi/4.9.3/../../../../arm-none-eabi/lib/armv7-m/crt0.o
 .data          0x00000000        0x0 d:/tools/arm/gnu tools arm embedded/bin/../lib/gcc/arm-none-eabi/4.9.3/../../../../arm-none-eabi/lib/armv7-m/crt0.o
 .bss           0x00000000        0x0 d:/tools/arm/gnu tools arm embedded/bin/../lib/gcc/arm-none-eabi/4.9.3/../../../../arm-none-eabi/lib/armv7-m/crt0.o
 .ARM.extab     0x00000000        0x0 d:/tools/arm/gnu tools arm embedded/bin/../lib/gcc/arm-none-eabi/4.9.3/../../../../arm-none-eabi/lib/armv7-m/crt0.o
 .ARM.exidx     0x00000000        0x8 d:/tools/arm/gnu tools arm embedded/bin/../lib/gcc/arm-none-eabi/4.9.3/../../../../arm-none-eabi/lib/armv7-m/crt0.o
 .ARM.attributes
                0x00000000       0x1b d:/tools/arm/gnu tools arm embedded/bin/../lib/gcc/arm-none-eabi/4.9.3/../../../../arm-none-eabi/lib/armv7-m/crt0.o
 .text          0x00000000        0x0 ..\obj\uart_communication_interface.o
 .data          0x00000000        0x0 ..\obj\uart_communication_interface.o
 .bss           0x00000000        0x0 ..\obj\uart_communication_interface.o
 .text._ZN26UartCommunicationInterface12HardwareInitEv
                0x00000000       0xbc ..\obj\uart_communication_interface.o
 .ARM.extab.text._ZN26UartCommunicationInterface12HardwareInitEv
                0x00000000        0x0 ..\obj\uart_communication_interface.o
 .ARM.exidx.text._ZN26UartCommunicationInterface12HardwareInitEv
                0x00000000        0x8 ..\obj\uart_communication_interface.o
 .ARM.extab.text._ZN26UartCommunicationInterface4InitEv
                0x00000000        0x0 ..\obj\uart_communication_interface.o
 .text._ZN26UartCommunicationInterface4SendEt
                0x00000000       0x54 ..\obj\uart_communication_interface.o
 .ARM.extab.text._ZN26UartCommunicationInterface4SendEt
                0x00000000        0x0 ..\obj\uart_communication_interface.o
 .ARM.exidx.text._ZN26UartCommunicationInterface4SendEt
                0x00000000        0x8 ..\obj\uart_communication_interface.o
 .ARM.extab.text._ZN26UartCommunicationInterface14PeriodicUpdateEv
                0x00000000        0x0 ..\obj\uart_communication_interface.o
 .text          0x00000000        0x0 ..\obj\system_stm32f10x.o
 .data          0x00000000       0x14 ..\obj\system_stm32f10x.o
 .bss           0x00000000        0x0 ..\obj\system_stm32f10x.o
 .text.SystemCoreClockUpdate
                0x00000000       0x58 ..\obj\system_stm32f10x.o
 .text          0x00000000        0x0 ..\obj\common.o
 .data          0x00000000        0x0 ..\obj\common.o
 .bss           0x00000000        0x0 ..\obj\common.o
 .text._Z5Delaym
                0x00000000       0x14 ..\obj\common.o
 .ARM.extab.text._Z5Delaym
                0x00000000        0x0 ..\obj\common.o
 .ARM.exidx.text._Z5Delaym
                0x00000000        0x8 ..\obj\common.o
 .ARM.extab.text.DMA1_Channel7_IRQHandler
                0x00000000        0x0 ..\obj\common.o
 .ARM.extab.text.USART2_IRQHandler
                0x00000000        0x0 ..\obj\common.o
 .ARM.extab.text.SysTick_Handler
                0x00000000        0x0 ..\obj\common.o
 .text          0x00000000        0x0 ..\obj\startup_stm32f10x_md.o
 .data          0x00000000        0x0 ..\obj\startup_stm32f10x_md.o
 .bss           0x00000000        0x0 ..\obj\startup_stm32f10x_md.o
 .group         0x00000000       0x10 ..\obj\main.o
 .text          0x00000000        0x0 ..\obj\main.o
 .data          0x00000000        0x0 ..\obj\main.o
 .ARM.extab.text.startup.main
                0x00000000        0x0 ..\obj\main.o
 .text          0x00000000        0x0 ..\obj\encoder_interface.o
 .data          0x00000000        0x0 ..\obj\encoder_interface.o
 .bss           0x00000000        0x0 ..\obj\encoder_interface.o
 .data          0x00000000        0x0 d:/tools/arm/gnu tools arm embedded/bin/../lib/gcc/arm-none-eabi/4.9.3/armv7-m\libgcc.a(unwind-arm.o)
 .bss           0x00000000        0x0 d:/tools/arm/gnu tools arm embedded/bin/../lib/gcc/arm-none-eabi/4.9.3/armv7-m\libgcc.a(unwind-arm.o)
 .ARM.extab     0x00000000        0x0 d:/tools/arm/gnu tools arm embedded/bin/../lib/gcc/arm-none-eabi/4.9.3/armv7-m\libgcc.a(unwind-arm.o)
 .debug_frame   0x00000000      0x300 d:/tools/arm/gnu tools arm embedded/bin/../lib/gcc/arm-none-eabi/4.9.3/armv7-m\libgcc.a(unwind-arm.o)
 .ARM.attributes
                0x00000000       0x2d d:/tools/arm/gnu tools arm embedded/bin/../lib/gcc/arm-none-eabi/4.9.3/armv7-m\libgcc.a(unwind-arm.o)
 .data          0x00000000        0x0 d:/tools/arm/gnu tools arm embedded/bin/../lib/gcc/arm-none-eabi/4.9.3/armv7-m\libgcc.a(libunwind.o)
 .bss           0x00000000        0x0 d:/tools/arm/gnu tools arm embedded/bin/../lib/gcc/arm-none-eabi/4.9.3/armv7-m\libgcc.a(libunwind.o)
 .ARM.attributes
                0x00000000       0x1d d:/tools/arm/gnu tools arm embedded/bin/../lib/gcc/arm-none-eabi/4.9.3/armv7-m\libgcc.a(libunwind.o)
 .data          0x00000000        0x0 d:/tools/arm/gnu tools arm embedded/bin/../lib/gcc/arm-none-eabi/4.9.3/armv7-m\libgcc.a(pr-support.o)
 .bss           0x00000000        0x0 d:/tools/arm/gnu tools arm embedded/bin/../lib/gcc/arm-none-eabi/4.9.3/armv7-m\libgcc.a(pr-support.o)
 .debug_frame   0x00000000      0x104 d:/tools/arm/gnu tools arm embedded/bin/../lib/gcc/arm-none-eabi/4.9.3/armv7-m\libgcc.a(pr-support.o)
 .ARM.attributes
                0x00000000       0x2d d:/tools/arm/gnu tools arm embedded/bin/../lib/gcc/arm-none-eabi/4.9.3/armv7-m\libgcc.a(pr-support.o)
 .text          0x00000000        0x0 d:/tools/arm/gnu tools arm embedded/bin/../lib/gcc/arm-none-eabi/4.9.3/../../../../arm-none-eabi/lib/armv7-m\libc.a(lib_a-abort.o)
 .data          0x00000000        0x0 d:/tools/arm/gnu tools arm embedded/bin/../lib/gcc/arm-none-eabi/4.9.3/../../../../arm-none-eabi/lib/armv7-m\libc.a(lib_a-abort.o)
 .bss           0x00000000        0x0 d:/tools/arm/gnu tools arm embedded/bin/../lib/gcc/arm-none-eabi/4.9.3/../../../../arm-none-eabi/lib/armv7-m\libc.a(lib_a-abort.o)
 .debug_frame   0x00000000       0x28 d:/tools/arm/gnu tools arm embedded/bin/../lib/gcc/arm-none-eabi/4.9.3/../../../../arm-none-eabi/lib/armv7-m\libc.a(lib_a-abort.o)
 .ARM.attributes
                0x00000000       0x2d d:/tools/arm/gnu tools arm embedded/bin/../lib/gcc/arm-none-eabi/4.9.3/../../../../arm-none-eabi/lib/armv7-m\libc.a(lib_a-abort.o)
 .text          0x00000000        0x0 d:/tools/arm/gnu tools arm embedded/bin/../lib/gcc/arm-none-eabi/4.9.3/../../../../arm-none-eabi/lib/armv7-m\libc.a(lib_a-exit.o)
 .data          0x00000000        0x0 d:/tools/arm/gnu tools arm embedded/bin/../lib/gcc/arm-none-eabi/4.9.3/../../../../arm-none-eabi/lib/armv7-m\libc.a(lib_a-exit.o)
 .bss           0x00000000        0x0 d:/tools/arm/gnu tools arm embedded/bin/../lib/gcc/arm-none-eabi/4.9.3/../../../../arm-none-eabi/lib/armv7-m\libc.a(lib_a-exit.o)
 .text.exit     0x00000000       0x20 d:/tools/arm/gnu tools arm embedded/bin/../lib/gcc/arm-none-eabi/4.9.3/../../../../arm-none-eabi/lib/armv7-m\libc.a(lib_a-exit.o)
 .debug_frame   0x00000000       0x28 d:/tools/arm/gnu tools arm embedded/bin/../lib/gcc/arm-none-eabi/4.9.3/../../../../arm-none-eabi/lib/armv7-m\libc.a(lib_a-exit.o)
 .ARM.attributes
                0x00000000       0x2d d:/tools/arm/gnu tools arm embedded/bin/../lib/gcc/arm-none-eabi/4.9.3/../../../../arm-none-eabi/lib/armv7-m\libc.a(lib_a-exit.o)
 .text          0x00000000        0x0 d:/tools/arm/gnu tools arm embedded/bin/../lib/gcc/arm-none-eabi/4.9.3/../../../../arm-none-eabi/lib/armv7-m\libc.a(lib_a-impure.o)
 .data          0x00000000        0x0 d:/tools/arm/gnu tools arm embedded/bin/../lib/gcc/arm-none-eabi/4.9.3/../../../../arm-none-eabi/lib/armv7-m\libc.a(lib_a-impure.o)
 .bss           0x00000000        0x0 d:/tools/arm/gnu tools arm embedded/bin/../lib/gcc/arm-none-eabi/4.9.3/../../../../arm-none-eabi/lib/armv7-m\libc.a(lib_a-impure.o)
 .text          0x00000000        0x0 d:/tools/arm/gnu tools arm embedded/bin/../lib/gcc/arm-none-eabi/4.9.3/../../../../arm-none-eabi/lib/armv7-m\libc.a(lib_a-init.o)
 .data          0x00000000        0x0 d:/tools/arm/gnu tools arm embedded/bin/../lib/gcc/arm-none-eabi/4.9.3/../../../../arm-none-eabi/lib/armv7-m\libc.a(lib_a-init.o)
 .bss           0x00000000        0x0 d:/tools/arm/gnu tools arm embedded/bin/../lib/gcc/arm-none-eabi/4.9.3/../../../../arm-none-eabi/lib/armv7-m\libc.a(lib_a-init.o)
 .text.__libc_init_array
                0x00000000       0x50 d:/tools/arm/gnu tools arm embedded/bin/../lib/gcc/arm-none-eabi/4.9.3/../../../../arm-none-eabi/lib/armv7-m\libc.a(lib_a-init.o)
 .debug_frame   0x00000000       0x2c d:/tools/arm/gnu tools arm embedded/bin/../lib/gcc/arm-none-eabi/4.9.3/../../../../arm-none-eabi/lib/armv7-m\libc.a(lib_a-init.o)
 .ARM.attributes
                0x00000000       0x2d d:/tools/arm/gnu tools arm embedded/bin/../lib/gcc/arm-none-eabi/4.9.3/../../../../arm-none-eabi/lib/armv7-m\libc.a(lib_a-init.o)
 .data          0x00000000        0x0 d:/tools/arm/gnu tools arm embedded/bin/../lib/gcc/arm-none-eabi/4.9.3/../../../../arm-none-eabi/lib/armv7-m\libc.a(lib_a-memcpy.o)
 .bss           0x00000000        0x0 d:/tools/arm/gnu tools arm embedded/bin/../lib/gcc/arm-none-eabi/4.9.3/../../../../arm-none-eabi/lib/armv7-m\libc.a(lib_a-memcpy.o)
 .text          0x00000000        0x0 d:/tools/arm/gnu tools arm embedded/bin/../lib/gcc/arm-none-eabi/4.9.3/../../../../arm-none-eabi/lib/armv7-m\libc.a(lib_a-memset.o)
 .data          0x00000000        0x0 d:/tools/arm/gnu tools arm embedded/bin/../lib/gcc/arm-none-eabi/4.9.3/../../../../arm-none-eabi/lib/armv7-m\libc.a(lib_a-memset.o)
 .bss           0x00000000        0x0 d:/tools/arm/gnu tools arm embedded/bin/../lib/gcc/arm-none-eabi/4.9.3/../../../../arm-none-eabi/lib/armv7-m\libc.a(lib_a-memset.o)
 .text.memset   0x00000000       0x9c d:/tools/arm/gnu tools arm embedded/bin/../lib/gcc/arm-none-eabi/4.9.3/../../../../arm-none-eabi/lib/armv7-m\libc.a(lib_a-memset.o)
 .debug_frame   0x00000000       0x34 d:/tools/arm/gnu tools arm embedded/bin/../lib/gcc/arm-none-eabi/4.9.3/../../../../arm-none-eabi/lib/armv7-m\libc.a(lib_a-memset.o)
 .ARM.attributes
                0x00000000       0x2d d:/tools/arm/gnu tools arm embedded/bin/../lib/gcc/arm-none-eabi/4.9.3/../../../../arm-none-eabi/lib/armv7-m\libc.a(lib_a-memset.o)
 .text          0x00000000        0x0 d:/tools/arm/gnu tools arm embedded/bin/../lib/gcc/arm-none-eabi/4.9.3/../../../../arm-none-eabi/lib/armv7-m\libc.a(lib_a-signal.o)
 .data          0x00000000        0x0 d:/tools/arm/gnu tools arm embedded/bin/../lib/gcc/arm-none-eabi/4.9.3/../../../../arm-none-eabi/lib/armv7-m\libc.a(lib_a-signal.o)
 .bss           0x00000000        0x0 d:/tools/arm/gnu tools arm embedded/bin/../lib/gcc/arm-none-eabi/4.9.3/../../../../arm-none-eabi/lib/armv7-m\libc.a(lib_a-signal.o)
 .text._init_signal_r
                0x00000000       0x38 d:/tools/arm/gnu tools arm embedded/bin/../lib/gcc/arm-none-eabi/4.9.3/../../../../arm-none-eabi/lib/armv7-m\libc.a(lib_a-signal.o)
 .text._signal_r
                0x00000000       0x38 d:/tools/arm/gnu tools arm embedded/bin/../lib/gcc/arm-none-eabi/4.9.3/../../../../arm-none-eabi/lib/armv7-m\libc.a(lib_a-signal.o)
 .text.__sigtramp_r
                0x00000000       0x54 d:/tools/arm/gnu tools arm embedded/bin/../lib/gcc/arm-none-eabi/4.9.3/../../../../arm-none-eabi/lib/armv7-m\libc.a(lib_a-signal.o)
 .text.signal   0x00000000       0x10 d:/tools/arm/gnu tools arm embedded/bin/../lib/gcc/arm-none-eabi/4.9.3/../../../../arm-none-eabi/lib/armv7-m\libc.a(lib_a-signal.o)
 .text._init_signal
                0x00000000        0xc d:/tools/arm/gnu tools arm embedded/bin/../lib/gcc/arm-none-eabi/4.9.3/../../../../arm-none-eabi/lib/armv7-m\libc.a(lib_a-signal.o)
 .text.__sigtramp
                0x00000000       0x10 d:/tools/arm/gnu tools arm embedded/bin/../lib/gcc/arm-none-eabi/4.9.3/../../../../arm-none-eabi/lib/armv7-m\libc.a(lib_a-signal.o)
 .debug_frame   0x00000000       0xe4 d:/tools/arm/gnu tools arm embedded/bin/../lib/gcc/arm-none-eabi/4.9.3/../../../../arm-none-eabi/lib/armv7-m\libc.a(lib_a-signal.o)
 .ARM.attributes
                0x00000000       0x2d d:/tools/arm/gnu tools arm embedded/bin/../lib/gcc/arm-none-eabi/4.9.3/../../../../arm-none-eabi/lib/armv7-m\libc.a(lib_a-signal.o)
 .text          0x00000000        0x0 d:/tools/arm/gnu tools arm embedded/bin/../lib/gcc/arm-none-eabi/4.9.3/../../../../arm-none-eabi/lib/armv7-m\libc.a(lib_a-signalr.o)
 .data          0x00000000        0x0 d:/tools/arm/gnu tools arm embedded/bin/../lib/gcc/arm-none-eabi/4.9.3/../../../../arm-none-eabi/lib/armv7-m\libc.a(lib_a-signalr.o)
 .bss           0x00000000        0x0 d:/tools/arm/gnu tools arm embedded/bin/../lib/gcc/arm-none-eabi/4.9.3/../../../../arm-none-eabi/lib/armv7-m\libc.a(lib_a-signalr.o)
 .debug_frame   0x00000000       0x3c d:/tools/arm/gnu tools arm embedded/bin/../lib/gcc/arm-none-eabi/4.9.3/../../../../arm-none-eabi/lib/armv7-m\libc.a(lib_a-signalr.o)
 .ARM.attributes
                0x00000000       0x2d d:/tools/arm/gnu tools arm embedded/bin/../lib/gcc/arm-none-eabi/4.9.3/../../../../arm-none-eabi/lib/armv7-m\libc.a(lib_a-signalr.o)
 .text          0x00000000        0x0 d:/tools/arm/gnu tools arm embedded/bin/../lib/gcc/arm-none-eabi/4.9.3/../../../../arm-none-eabi/lib/armv7-m\libc.a(lib_a-__call_atexit.o)
 .data          0x00000000        0x0 d:/tools/arm/gnu tools arm embedded/bin/../lib/gcc/arm-none-eabi/4.9.3/../../../../arm-none-eabi/lib/armv7-m\libc.a(lib_a-__call_atexit.o)
 .bss           0x00000000        0x0 d:/tools/arm/gnu tools arm embedded/bin/../lib/gcc/arm-none-eabi/4.9.3/../../../../arm-none-eabi/lib/armv7-m\libc.a(lib_a-__call_atexit.o)
 .text.__call_exitprocs
                0x00000000       0xd4 d:/tools/arm/gnu tools arm embedded/bin/../lib/gcc/arm-none-eabi/4.9.3/../../../../arm-none-eabi/lib/armv7-m\libc.a(lib_a-__call_atexit.o)
 .text          0x00000000        0x0 d:/tools/arm/gnu tools arm embedded/bin/../lib/gcc/arm-none-eabi/4.9.3/../../../../arm-none-eabi/lib/armv7-m\libc.a(lib_a-atexit.o)
 .data          0x00000000        0x0 d:/tools/arm/gnu tools arm embedded/bin/../lib/gcc/arm-none-eabi/4.9.3/../../../../arm-none-eabi/lib/armv7-m\libc.a(lib_a-atexit.o)
 .bss           0x00000000        0x0 d:/tools/arm/gnu tools arm embedded/bin/../lib/gcc/arm-none-eabi/4.9.3/../../../../arm-none-eabi/lib/armv7-m\libc.a(lib_a-atexit.o)
 .text          0x00000000        0x0 d:/tools/arm/gnu tools arm embedded/bin/../lib/gcc/arm-none-eabi/4.9.3/../../../../arm-none-eabi/lib/armv7-m\libc.a(lib_a-fini.o)
 .data          0x00000000        0x0 d:/tools/arm/gnu tools arm embedded/bin/../lib/gcc/arm-none-eabi/4.9.3/../../../../arm-none-eabi/lib/armv7-m\libc.a(lib_a-fini.o)
 .bss           0x00000000        0x0 d:/tools/arm/gnu tools arm embedded/bin/../lib/gcc/arm-none-eabi/4.9.3/../../../../arm-none-eabi/lib/armv7-m\libc.a(lib_a-fini.o)
 .text          0x00000000        0x0 d:/tools/arm/gnu tools arm embedded/bin/../lib/gcc/arm-none-eabi/4.9.3/../../../../arm-none-eabi/lib/armv7-m\libc.a(lib_a-mallocr.o)
 .data          0x00000000        0x0 d:/tools/arm/gnu tools arm embedded/bin/../lib/gcc/arm-none-eabi/4.9.3/../../../../arm-none-eabi/lib/armv7-m\libc.a(lib_a-mallocr.o)
 .bss           0x00000000        0x0 d:/tools/arm/gnu tools arm embedded/bin/../lib/gcc/arm-none-eabi/4.9.3/../../../../arm-none-eabi/lib/armv7-m\libc.a(lib_a-mallocr.o)
 .text._malloc_r
                0x00000000      0x50c d:/tools/arm/gnu tools arm embedded/bin/../lib/gcc/arm-none-eabi/4.9.3/../../../../arm-none-eabi/lib/armv7-m\libc.a(lib_a-mallocr.o)
 .data.__malloc_av_
                0x00000000      0x408 d:/tools/arm/gnu tools arm embedded/bin/../lib/gcc/arm-none-eabi/4.9.3/../../../../arm-none-eabi/lib/armv7-m\libc.a(lib_a-mallocr.o)
 .data.__malloc_trim_threshold
                0x00000000        0x4 d:/tools/arm/gnu tools arm embedded/bin/../lib/gcc/arm-none-eabi/4.9.3/../../../../arm-none-eabi/lib/armv7-m\libc.a(lib_a-mallocr.o)
 .bss.__malloc_max_total_mem
                0x00000000        0x4 d:/tools/arm/gnu tools arm embedded/bin/../lib/gcc/arm-none-eabi/4.9.3/../../../../arm-none-eabi/lib/armv7-m\libc.a(lib_a-mallocr.o)
 .bss.__malloc_max_sbrked_mem
                0x00000000        0x4 d:/tools/arm/gnu tools arm embedded/bin/../lib/gcc/arm-none-eabi/4.9.3/../../../../arm-none-eabi/lib/armv7-m\libc.a(lib_a-mallocr.o)
 .bss.__malloc_top_pad
                0x00000000        0x4 d:/tools/arm/gnu tools arm embedded/bin/../lib/gcc/arm-none-eabi/4.9.3/../../../../arm-none-eabi/lib/armv7-m\libc.a(lib_a-mallocr.o)
 .bss.__malloc_current_mallinfo
                0x00000000       0x28 d:/tools/arm/gnu tools arm embedded/bin/../lib/gcc/arm-none-eabi/4.9.3/../../../../arm-none-eabi/lib/armv7-m\libc.a(lib_a-mallocr.o)
 .data.__malloc_sbrk_base
                0x00000000        0x4 d:/tools/arm/gnu tools arm embedded/bin/../lib/gcc/arm-none-eabi/4.9.3/../../../../arm-none-eabi/lib/armv7-m\libc.a(lib_a-mallocr.o)
 .debug_frame   0x00000000       0x54 d:/tools/arm/gnu tools arm embedded/bin/../lib/gcc/arm-none-eabi/4.9.3/../../../../arm-none-eabi/lib/armv7-m\libc.a(lib_a-mallocr.o)
 .ARM.attributes
                0x00000000       0x2d d:/tools/arm/gnu tools arm embedded/bin/../lib/gcc/arm-none-eabi/4.9.3/../../../../arm-none-eabi/lib/armv7-m\libc.a(lib_a-mallocr.o)
 .text          0x00000000        0x0 d:/tools/arm/gnu tools arm embedded/bin/../lib/gcc/arm-none-eabi/4.9.3/../../../../arm-none-eabi/lib/armv7-m\libc.a(lib_a-mlock.o)
 .data          0x00000000        0x0 d:/tools/arm/gnu tools arm embedded/bin/../lib/gcc/arm-none-eabi/4.9.3/../../../../arm-none-eabi/lib/armv7-m\libc.a(lib_a-mlock.o)
 .bss           0x00000000        0x0 d:/tools/arm/gnu tools arm embedded/bin/../lib/gcc/arm-none-eabi/4.9.3/../../../../arm-none-eabi/lib/armv7-m\libc.a(lib_a-mlock.o)
 .text.__malloc_lock
                0x00000000        0x4 d:/tools/arm/gnu tools arm embedded/bin/../lib/gcc/arm-none-eabi/4.9.3/../../../../arm-none-eabi/lib/armv7-m\libc.a(lib_a-mlock.o)
 .text.__malloc_unlock
                0x00000000        0x4 d:/tools/arm/gnu tools arm embedded/bin/../lib/gcc/arm-none-eabi/4.9.3/../../../../arm-none-eabi/lib/armv7-m\libc.a(lib_a-mlock.o)
 .debug_frame   0x00000000       0x30 d:/tools/arm/gnu tools arm embedded/bin/../lib/gcc/arm-none-eabi/4.9.3/../../../../arm-none-eabi/lib/armv7-m\libc.a(lib_a-mlock.o)
 .ARM.attributes
                0x00000000       0x2d d:/tools/arm/gnu tools arm embedded/bin/../lib/gcc/arm-none-eabi/4.9.3/../../../../arm-none-eabi/lib/armv7-m\libc.a(lib_a-mlock.o)
 .text          0x00000000        0x0 d:/tools/arm/gnu tools arm embedded/bin/../lib/gcc/arm-none-eabi/4.9.3/../../../../arm-none-eabi/lib/armv7-m\libc.a(lib_a-reent.o)
 .data          0x00000000        0x0 d:/tools/arm/gnu tools arm embedded/bin/../lib/gcc/arm-none-eabi/4.9.3/../../../../arm-none-eabi/lib/armv7-m\libc.a(lib_a-reent.o)
 .bss           0x00000000        0x0 d:/tools/arm/gnu tools arm embedded/bin/../lib/gcc/arm-none-eabi/4.9.3/../../../../arm-none-eabi/lib/armv7-m\libc.a(lib_a-reent.o)
 .text.cleanup_glue
                0x00000000       0x1c d:/tools/arm/gnu tools arm embedded/bin/../lib/gcc/arm-none-eabi/4.9.3/../../../../arm-none-eabi/lib/armv7-m\libc.a(lib_a-reent.o)
 .text._reclaim_reent
                0x00000000       0x88 d:/tools/arm/gnu tools arm embedded/bin/../lib/gcc/arm-none-eabi/4.9.3/../../../../arm-none-eabi/lib/armv7-m\libc.a(lib_a-reent.o)
 .debug_frame   0x00000000       0x58 d:/tools/arm/gnu tools arm embedded/bin/../lib/gcc/arm-none-eabi/4.9.3/../../../../arm-none-eabi/lib/armv7-m\libc.a(lib_a-reent.o)
 .ARM.attributes
                0x00000000       0x2d d:/tools/arm/gnu tools arm embedded/bin/../lib/gcc/arm-none-eabi/4.9.3/../../../../arm-none-eabi/lib/armv7-m\libc.a(lib_a-reent.o)
 .text          0x00000000        0x0 d:/tools/arm/gnu tools arm embedded/bin/../lib/gcc/arm-none-eabi/4.9.3/../../../../arm-none-eabi/lib/armv7-m\libc.a(lib_a-sbrkr.o)
 .data          0x00000000        0x0 d:/tools/arm/gnu tools arm embedded/bin/../lib/gcc/arm-none-eabi/4.9.3/../../../../arm-none-eabi/lib/armv7-m\libc.a(lib_a-sbrkr.o)
 .bss           0x00000000        0x0 d:/tools/arm/gnu tools arm embedded/bin/../lib/gcc/arm-none-eabi/4.9.3/../../../../arm-none-eabi/lib/armv7-m\libc.a(lib_a-sbrkr.o)
 .text._sbrk_r  0x00000000       0x24 d:/tools/arm/gnu tools arm embedded/bin/../lib/gcc/arm-none-eabi/4.9.3/../../../../arm-none-eabi/lib/armv7-m\libc.a(lib_a-sbrkr.o)
 .debug_frame   0x00000000       0x2c d:/tools/arm/gnu tools arm embedded/bin/../lib/gcc/arm-none-eabi/4.9.3/../../../../arm-none-eabi/lib/armv7-m\libc.a(lib_a-sbrkr.o)
 .ARM.attributes
                0x00000000       0x2d d:/tools/arm/gnu tools arm embedded/bin/../lib/gcc/arm-none-eabi/4.9.3/../../../../arm-none-eabi/lib/armv7-m\libc.a(lib_a-sbrkr.o)
 .text          0x00000000        0x0 d:/tools/arm/gnu tools arm embedded/bin/../lib/gcc/arm-none-eabi/4.9.3/../../../../arm-none-eabi/lib/armv7-m\libc.a(lib_a-__atexit.o)
 .data          0x00000000        0x0 d:/tools/arm/gnu tools arm embedded/bin/../lib/gcc/arm-none-eabi/4.9.3/../../../../arm-none-eabi/lib/armv7-m\libc.a(lib_a-__atexit.o)
 .bss           0x00000000        0x0 d:/tools/arm/gnu tools arm embedded/bin/../lib/gcc/arm-none-eabi/4.9.3/../../../../arm-none-eabi/lib/armv7-m\libc.a(lib_a-__atexit.o)
 .text          0x00000000        0x0 d:/tools/arm/gnu tools arm embedded/bin/../lib/gcc/arm-none-eabi/4.9.3/../../../../arm-none-eabi/lib/armv7-m\libc.a(lib_a-freer.o)
 .data          0x00000000        0x0 d:/tools/arm/gnu tools arm embedded/bin/../lib/gcc/arm-none-eabi/4.9.3/../../../../arm-none-eabi/lib/armv7-m\libc.a(lib_a-freer.o)
 .bss           0x00000000        0x0 d:/tools/arm/gnu tools arm embedded/bin/../lib/gcc/arm-none-eabi/4.9.3/../../../../arm-none-eabi/lib/armv7-m\libc.a(lib_a-freer.o)
 .text._malloc_trim_r
                0x00000000       0x9c d:/tools/arm/gnu tools arm embedded/bin/../lib/gcc/arm-none-eabi/4.9.3/../../../../arm-none-eabi/lib/armv7-m\libc.a(lib_a-freer.o)
 .text._free_r  0x00000000      0x1b0 d:/tools/arm/gnu tools arm embedded/bin/../lib/gcc/arm-none-eabi/4.9.3/../../../../arm-none-eabi/lib/armv7-m\libc.a(lib_a-freer.o)
 .debug_frame   0x00000000       0x74 d:/tools/arm/gnu tools arm embedded/bin/../lib/gcc/arm-none-eabi/4.9.3/../../../../arm-none-eabi/lib/armv7-m\libc.a(lib_a-freer.o)
 .ARM.attributes
                0x00000000       0x2d d:/tools/arm/gnu tools arm embedded/bin/../lib/gcc/arm-none-eabi/4.9.3/../../../../arm-none-eabi/lib/armv7-m\libc.a(lib_a-freer.o)
 .text          0x00000000        0x0 d:/tools/arm/gnu tools arm embedded/bin/../lib/gcc/arm-none-eabi/4.9.3/../../../../arm-none-eabi/lib/armv7-m\librdimon.a(rdimon-syscalls.o)
 .data          0x00000000        0x0 d:/tools/arm/gnu tools arm embedded/bin/../lib/gcc/arm-none-eabi/4.9.3/../../../../arm-none-eabi/lib/armv7-m\librdimon.a(rdimon-syscalls.o)
 .bss           0x00000000        0x0 d:/tools/arm/gnu tools arm embedded/bin/../lib/gcc/arm-none-eabi/4.9.3/../../../../arm-none-eabi/lib/armv7-m\librdimon.a(rdimon-syscalls.o)
 .text.findslot
                0x00000000       0x38 d:/tools/arm/gnu tools arm embedded/bin/../lib/gcc/arm-none-eabi/4.9.3/../../../../arm-none-eabi/lib/armv7-m\librdimon.a(rdimon-syscalls.o)
 .text.checkerror.part.0
                0x00000000       0x1c d:/tools/arm/gnu tools arm embedded/bin/../lib/gcc/arm-none-eabi/4.9.3/../../../../arm-none-eabi/lib/armv7-m\librdimon.a(rdimon-syscalls.o)
 .text.initialise_monitor_handles
                0x00000000       0xa4 d:/tools/arm/gnu tools arm embedded/bin/../lib/gcc/arm-none-eabi/4.9.3/../../../../arm-none-eabi/lib/armv7-m\librdimon.a(rdimon-syscalls.o)
 .text._swiread
                0x00000000       0x28 d:/tools/arm/gnu tools arm embedded/bin/../lib/gcc/arm-none-eabi/4.9.3/../../../../arm-none-eabi/lib/armv7-m\librdimon.a(rdimon-syscalls.o)
 .text._read    0x00000000       0x34 d:/tools/arm/gnu tools arm embedded/bin/../lib/gcc/arm-none-eabi/4.9.3/../../../../arm-none-eabi/lib/armv7-m\librdimon.a(rdimon-syscalls.o)
 .text._swilseek
                0x00000000       0x94 d:/tools/arm/gnu tools arm embedded/bin/../lib/gcc/arm-none-eabi/4.9.3/../../../../arm-none-eabi/lib/armv7-m\librdimon.a(rdimon-syscalls.o)
 .text._lseek   0x00000000        0x4 d:/tools/arm/gnu tools arm embedded/bin/../lib/gcc/arm-none-eabi/4.9.3/../../../../arm-none-eabi/lib/armv7-m\librdimon.a(rdimon-syscalls.o)
 .text._swiwrite
                0x00000000       0x28 d:/tools/arm/gnu tools arm embedded/bin/../lib/gcc/arm-none-eabi/4.9.3/../../../../arm-none-eabi/lib/armv7-m\librdimon.a(rdimon-syscalls.o)
 .text._write   0x00000000       0x58 d:/tools/arm/gnu tools arm embedded/bin/../lib/gcc/arm-none-eabi/4.9.3/../../../../arm-none-eabi/lib/armv7-m\librdimon.a(rdimon-syscalls.o)
 .text._swiclose
                0x00000000       0x28 d:/tools/arm/gnu tools arm embedded/bin/../lib/gcc/arm-none-eabi/4.9.3/../../../../arm-none-eabi/lib/armv7-m\librdimon.a(rdimon-syscalls.o)
 .text._close   0x00000000       0x68 d:/tools/arm/gnu tools arm embedded/bin/../lib/gcc/arm-none-eabi/4.9.3/../../../../arm-none-eabi/lib/armv7-m\librdimon.a(rdimon-syscalls.o)
 .text._sbrk    0x00000000       0x34 d:/tools/arm/gnu tools arm embedded/bin/../lib/gcc/arm-none-eabi/4.9.3/../../../../arm-none-eabi/lib/armv7-m\librdimon.a(rdimon-syscalls.o)
 .text._swistat
                0x00000000       0x48 d:/tools/arm/gnu tools arm embedded/bin/../lib/gcc/arm-none-eabi/4.9.3/../../../../arm-none-eabi/lib/armv7-m\librdimon.a(rdimon-syscalls.o)
 .text._fstat   0x00000000       0x1c d:/tools/arm/gnu tools arm embedded/bin/../lib/gcc/arm-none-eabi/4.9.3/../../../../arm-none-eabi/lib/armv7-m\librdimon.a(rdimon-syscalls.o)
 .text._stat    0x00000000       0x3c d:/tools/arm/gnu tools arm embedded/bin/../lib/gcc/arm-none-eabi/4.9.3/../../../../arm-none-eabi/lib/armv7-m\librdimon.a(rdimon-syscalls.o)
 .text._swiopen
                0x00000000       0xd4 d:/tools/arm/gnu tools arm embedded/bin/../lib/gcc/arm-none-eabi/4.9.3/../../../../arm-none-eabi/lib/armv7-m\librdimon.a(rdimon-syscalls.o)
 .text._open    0x00000000       0x14 d:/tools/arm/gnu tools arm embedded/bin/../lib/gcc/arm-none-eabi/4.9.3/../../../../arm-none-eabi/lib/armv7-m\librdimon.a(rdimon-syscalls.o)
 .text._link    0x00000000       0x10 d:/tools/arm/gnu tools arm embedded/bin/../lib/gcc/arm-none-eabi/4.9.3/../../../../arm-none-eabi/lib/armv7-m\librdimon.a(rdimon-syscalls.o)
 .text._unlink  0x00000000       0x3c d:/tools/arm/gnu tools arm embedded/bin/../lib/gcc/arm-none-eabi/4.9.3/../../../../arm-none-eabi/lib/armv7-m\librdimon.a(rdimon-syscalls.o)
 .text._gettimeofday
                0x00000000       0x24 d:/tools/arm/gnu tools arm embedded/bin/../lib/gcc/arm-none-eabi/4.9.3/../../../../arm-none-eabi/lib/armv7-m\librdimon.a(rdimon-syscalls.o)
 .text._clock   0x00000000       0x14 d:/tools/arm/gnu tools arm embedded/bin/../lib/gcc/arm-none-eabi/4.9.3/../../../../arm-none-eabi/lib/armv7-m\librdimon.a(rdimon-syscalls.o)
 .text._times   0x00000000       0x20 d:/tools/arm/gnu tools arm embedded/bin/../lib/gcc/arm-none-eabi/4.9.3/../../../../arm-none-eabi/lib/armv7-m\librdimon.a(rdimon-syscalls.o)
 .text._isatty  0x00000000       0x3c d:/tools/arm/gnu tools arm embedded/bin/../lib/gcc/arm-none-eabi/4.9.3/../../../../arm-none-eabi/lib/armv7-m\librdimon.a(rdimon-syscalls.o)
 .text._system  0x00000000       0x44 d:/tools/arm/gnu tools arm embedded/bin/../lib/gcc/arm-none-eabi/4.9.3/../../../../arm-none-eabi/lib/armv7-m\librdimon.a(rdimon-syscalls.o)
 .text._rename  0x00000000       0x3c d:/tools/arm/gnu tools arm embedded/bin/../lib/gcc/arm-none-eabi/4.9.3/../../../../arm-none-eabi/lib/armv7-m\librdimon.a(rdimon-syscalls.o)
 .bss.monitor_stdout
                0x00000000        0x4 d:/tools/arm/gnu tools arm embedded/bin/../lib/gcc/arm-none-eabi/4.9.3/../../../../arm-none-eabi/lib/armv7-m\librdimon.a(rdimon-syscalls.o)
 .bss.monitor_stdin
                0x00000000        0x4 d:/tools/arm/gnu tools arm embedded/bin/../lib/gcc/arm-none-eabi/4.9.3/../../../../arm-none-eabi/lib/armv7-m\librdimon.a(rdimon-syscalls.o)
 .rodata.str1.4
                0x00000000        0x4 d:/tools/arm/gnu tools arm embedded/bin/../lib/gcc/arm-none-eabi/4.9.3/../../../../arm-none-eabi/lib/armv7-m\librdimon.a(rdimon-syscalls.o)
 .bss.monitor_stderr
                0x00000000        0x4 d:/tools/arm/gnu tools arm embedded/bin/../lib/gcc/arm-none-eabi/4.9.3/../../../../arm-none-eabi/lib/armv7-m\librdimon.a(rdimon-syscalls.o)
 .bss.heap_end.5903
                0x00000000        0x4 d:/tools/arm/gnu tools arm embedded/bin/../lib/gcc/arm-none-eabi/4.9.3/../../../../arm-none-eabi/lib/armv7-m\librdimon.a(rdimon-syscalls.o)
 .bss.openfiles
                0x00000000       0xa0 d:/tools/arm/gnu tools arm embedded/bin/../lib/gcc/arm-none-eabi/4.9.3/../../../../arm-none-eabi/lib/armv7-m\librdimon.a(rdimon-syscalls.o)
 .debug_frame   0x00000000      0x364 d:/tools/arm/gnu tools arm embedded/bin/../lib/gcc/arm-none-eabi/4.9.3/../../../../arm-none-eabi/lib/armv7-m\librdimon.a(rdimon-syscalls.o)
 .ARM.attributes
                0x00000000       0x2d d:/tools/arm/gnu tools arm embedded/bin/../lib/gcc/arm-none-eabi/4.9.3/../../../../arm-none-eabi/lib/armv7-m\librdimon.a(rdimon-syscalls.o)
 .text          0x00000000        0x0 d:/tools/arm/gnu tools arm embedded/bin/../lib/gcc/arm-none-eabi/4.9.3/../../../../arm-none-eabi/lib/armv7-m\librdimon.a(rdimon-_exit.o)
 .data          0x00000000        0x0 d:/tools/arm/gnu tools arm embedded/bin/../lib/gcc/arm-none-eabi/4.9.3/../../../../arm-none-eabi/lib/armv7-m\librdimon.a(rdimon-_exit.o)
 .bss           0x00000000        0x0 d:/tools/arm/gnu tools arm embedded/bin/../lib/gcc/arm-none-eabi/4.9.3/../../../../arm-none-eabi/lib/armv7-m\librdimon.a(rdimon-_exit.o)
 .debug_frame   0x00000000       0x20 d:/tools/arm/gnu tools arm embedded/bin/../lib/gcc/arm-none-eabi/4.9.3/../../../../arm-none-eabi/lib/armv7-m\librdimon.a(rdimon-_exit.o)
 .ARM.attributes
                0x00000000       0x2d d:/tools/arm/gnu tools arm embedded/bin/../lib/gcc/arm-none-eabi/4.9.3/../../../../arm-none-eabi/lib/armv7-m\librdimon.a(rdimon-_exit.o)
 .text          0x00000000        0x0 d:/tools/arm/gnu tools arm embedded/bin/../lib/gcc/arm-none-eabi/4.9.3/../../../../arm-none-eabi/lib/armv7-m\librdimon.a(rdimon-_kill.o)
 .data          0x00000000        0x0 d:/tools/arm/gnu tools arm embedded/bin/../lib/gcc/arm-none-eabi/4.9.3/../../../../arm-none-eabi/lib/armv7-m\librdimon.a(rdimon-_kill.o)
 .bss           0x00000000        0x0 d:/tools/arm/gnu tools arm embedded/bin/../lib/gcc/arm-none-eabi/4.9.3/../../../../arm-none-eabi/lib/armv7-m\librdimon.a(rdimon-_kill.o)
 .debug_frame   0x00000000       0x2c d:/tools/arm/gnu tools arm embedded/bin/../lib/gcc/arm-none-eabi/4.9.3/../../../../arm-none-eabi/lib/armv7-m\librdimon.a(rdimon-_kill.o)
 .ARM.attributes
                0x00000000       0x2d d:/tools/arm/gnu tools arm embedded/bin/../lib/gcc/arm-none-eabi/4.9.3/../../../../arm-none-eabi/lib/armv7-m\librdimon.a(rdimon-_kill.o)
 .text          0x00000000        0x0 d:/tools/arm/gnu tools arm embedded/bin/../lib/gcc/arm-none-eabi/4.9.3/../../../../arm-none-eabi/lib/armv7-m\libg.a(lib_a-errno.o)
 .data          0x00000000        0x0 d:/tools/arm/gnu tools arm embedded/bin/../lib/gcc/arm-none-eabi/4.9.3/../../../../arm-none-eabi/lib/armv7-m\libg.a(lib_a-errno.o)
 .bss           0x00000000        0x0 d:/tools/arm/gnu tools arm embedded/bin/../lib/gcc/arm-none-eabi/4.9.3/../../../../arm-none-eabi/lib/armv7-m\libg.a(lib_a-errno.o)
 .text.__errno  0x00000000        0xc d:/tools/arm/gnu tools arm embedded/bin/../lib/gcc/arm-none-eabi/4.9.3/../../../../arm-none-eabi/lib/armv7-m\libg.a(lib_a-errno.o)
 .debug_frame   0x00000000       0x20 d:/tools/arm/gnu tools arm embedded/bin/../lib/gcc/arm-none-eabi/4.9.3/../../../../arm-none-eabi/lib/armv7-m\libg.a(lib_a-errno.o)
 .ARM.attributes
                0x00000000       0x2d d:/tools/arm/gnu tools arm embedded/bin/../lib/gcc/arm-none-eabi/4.9.3/../../../../arm-none-eabi/lib/armv7-m\libg.a(lib_a-errno.o)
 .text          0x00000000        0x0 d:/tools/arm/gnu tools arm embedded/bin/../lib/gcc/arm-none-eabi/4.9.3/../../../../arm-none-eabi/lib/armv7-m\libg.a(lib_a-findfp.o)
 .data          0x00000000        0x0 d:/tools/arm/gnu tools arm embedded/bin/../lib/gcc/arm-none-eabi/4.9.3/../../../../arm-none-eabi/lib/armv7-m\libg.a(lib_a-findfp.o)
 .bss           0x00000000        0x0 d:/tools/arm/gnu tools arm embedded/bin/../lib/gcc/arm-none-eabi/4.9.3/../../../../arm-none-eabi/lib/armv7-m\libg.a(lib_a-findfp.o)
 .text.__fp_lock
                0x00000000        0x4 d:/tools/arm/gnu tools arm embedded/bin/../lib/gcc/arm-none-eabi/4.9.3/../../../../arm-none-eabi/lib/armv7-m\libg.a(lib_a-findfp.o)
 .text.__fp_unlock
                0x00000000        0x4 d:/tools/arm/gnu tools arm embedded/bin/../lib/gcc/arm-none-eabi/4.9.3/../../../../arm-none-eabi/lib/armv7-m\libg.a(lib_a-findfp.o)
 .text._cleanup_r
                0x00000000        0xc d:/tools/arm/gnu tools arm embedded/bin/../lib/gcc/arm-none-eabi/4.9.3/../../../../arm-none-eabi/lib/armv7-m\libg.a(lib_a-findfp.o)
 .text.__sinit.part.1
                0x00000000       0xf0 d:/tools/arm/gnu tools arm embedded/bin/../lib/gcc/arm-none-eabi/4.9.3/../../../../arm-none-eabi/lib/armv7-m\libg.a(lib_a-findfp.o)
 .text.__sfmoreglue
                0x00000000       0x30 d:/tools/arm/gnu tools arm embedded/bin/../lib/gcc/arm-none-eabi/4.9.3/../../../../arm-none-eabi/lib/armv7-m\libg.a(lib_a-findfp.o)
 .text.__sfp    0x00000000       0x88 d:/tools/arm/gnu tools arm embedded/bin/../lib/gcc/arm-none-eabi/4.9.3/../../../../arm-none-eabi/lib/armv7-m\libg.a(lib_a-findfp.o)
 .text._cleanup
                0x00000000       0x14 d:/tools/arm/gnu tools arm embedded/bin/../lib/gcc/arm-none-eabi/4.9.3/../../../../arm-none-eabi/lib/armv7-m\libg.a(lib_a-findfp.o)
 .text.__sinit  0x00000000        0xc d:/tools/arm/gnu tools arm embedded/bin/../lib/gcc/arm-none-eabi/4.9.3/../../../../arm-none-eabi/lib/armv7-m\libg.a(lib_a-findfp.o)
 .text.__sfp_lock_acquire
                0x00000000        0x4 d:/tools/arm/gnu tools arm embedded/bin/../lib/gcc/arm-none-eabi/4.9.3/../../../../arm-none-eabi/lib/armv7-m\libg.a(lib_a-findfp.o)
 .text.__sfp_lock_release
                0x00000000        0x4 d:/tools/arm/gnu tools arm embedded/bin/../lib/gcc/arm-none-eabi/4.9.3/../../../../arm-none-eabi/lib/armv7-m\libg.a(lib_a-findfp.o)
 .text.__sinit_lock_acquire
                0x00000000        0x4 d:/tools/arm/gnu tools arm embedded/bin/../lib/gcc/arm-none-eabi/4.9.3/../../../../arm-none-eabi/lib/armv7-m\libg.a(lib_a-findfp.o)
 .text.__sinit_lock_release
                0x00000000        0x4 d:/tools/arm/gnu tools arm embedded/bin/../lib/gcc/arm-none-eabi/4.9.3/../../../../arm-none-eabi/lib/armv7-m\libg.a(lib_a-findfp.o)
 .text.__fp_lock_all
                0x00000000       0x14 d:/tools/arm/gnu tools arm embedded/bin/../lib/gcc/arm-none-eabi/4.9.3/../../../../arm-none-eabi/lib/armv7-m\libg.a(lib_a-findfp.o)
 .text.__fp_unlock_all
                0x00000000       0x14 d:/tools/arm/gnu tools arm embedded/bin/../lib/gcc/arm-none-eabi/4.9.3/../../../../arm-none-eabi/lib/armv7-m\libg.a(lib_a-findfp.o)
 .debug_frame   0x00000000      0x124 d:/tools/arm/gnu tools arm embedded/bin/../lib/gcc/arm-none-eabi/4.9.3/../../../../arm-none-eabi/lib/armv7-m\libg.a(lib_a-findfp.o)
 .ARM.attributes
                0x00000000       0x2d d:/tools/arm/gnu tools arm embedded/bin/../lib/gcc/arm-none-eabi/4.9.3/../../../../arm-none-eabi/lib/armv7-m\libg.a(lib_a-findfp.o)
 .text          0x00000000        0x0 d:/tools/arm/gnu tools arm embedded/bin/../lib/gcc/arm-none-eabi/4.9.3/../../../../arm-none-eabi/lib/armv7-m\libg.a(lib_a-fwalk.o)
 .data          0x00000000        0x0 d:/tools/arm/gnu tools arm embedded/bin/../lib/gcc/arm-none-eabi/4.9.3/../../../../arm-none-eabi/lib/armv7-m\libg.a(lib_a-fwalk.o)
 .bss           0x00000000        0x0 d:/tools/arm/gnu tools arm embedded/bin/../lib/gcc/arm-none-eabi/4.9.3/../../../../arm-none-eabi/lib/armv7-m\libg.a(lib_a-fwalk.o)
 .text._fwalk   0x00000000       0x48 d:/tools/arm/gnu tools arm embedded/bin/../lib/gcc/arm-none-eabi/4.9.3/../../../../arm-none-eabi/lib/armv7-m\libg.a(lib_a-fwalk.o)
 .text._fwalk_reent
                0x00000000       0x50 d:/tools/arm/gnu tools arm embedded/bin/../lib/gcc/arm-none-eabi/4.9.3/../../../../arm-none-eabi/lib/armv7-m\libg.a(lib_a-fwalk.o)
 .debug_frame   0x00000000       0x54 d:/tools/arm/gnu tools arm embedded/bin/../lib/gcc/arm-none-eabi/4.9.3/../../../../arm-none-eabi/lib/armv7-m\libg.a(lib_a-fwalk.o)
 .ARM.attributes
                0x00000000       0x2d d:/tools/arm/gnu tools arm embedded/bin/../lib/gcc/arm-none-eabi/4.9.3/../../../../arm-none-eabi/lib/armv7-m\libg.a(lib_a-fwalk.o)
 .text          0x00000000        0x0 d:/tools/arm/gnu tools arm embedded/bin/../lib/gcc/arm-none-eabi/4.9.3/../../../../arm-none-eabi/lib/armv7-m\libg.a(lib_a-stdio.o)
 .data          0x00000000        0x0 d:/tools/arm/gnu tools arm embedded/bin/../lib/gcc/arm-none-eabi/4.9.3/../../../../arm-none-eabi/lib/armv7-m\libg.a(lib_a-stdio.o)
 .bss           0x00000000        0x0 d:/tools/arm/gnu tools arm embedded/bin/../lib/gcc/arm-none-eabi/4.9.3/../../../../arm-none-eabi/lib/armv7-m\libg.a(lib_a-stdio.o)
 .text.__sread  0x00000000       0x24 d:/tools/arm/gnu tools arm embedded/bin/../lib/gcc/arm-none-eabi/4.9.3/../../../../arm-none-eabi/lib/armv7-m\libg.a(lib_a-stdio.o)
 .text.__seofread
                0x00000000        0x4 d:/tools/arm/gnu tools arm embedded/bin/../lib/gcc/arm-none-eabi/4.9.3/../../../../arm-none-eabi/lib/armv7-m\libg.a(lib_a-stdio.o)
 .text.__swrite
                0x00000000       0x38 d:/tools/arm/gnu tools arm embedded/bin/../lib/gcc/arm-none-eabi/4.9.3/../../../../arm-none-eabi/lib/armv7-m\libg.a(lib_a-stdio.o)
 .text.__sseek  0x00000000       0x20 d:/tools/arm/gnu tools arm embedded/bin/../lib/gcc/arm-none-eabi/4.9.3/../../../../arm-none-eabi/lib/armv7-m\libg.a(lib_a-stdio.o)
 .text.__sclose
                0x00000000        0x8 d:/tools/arm/gnu tools arm embedded/bin/../lib/gcc/arm-none-eabi/4.9.3/../../../../arm-none-eabi/lib/armv7-m\libg.a(lib_a-stdio.o)
 .debug_frame   0x00000000       0x88 d:/tools/arm/gnu tools arm embedded/bin/../lib/gcc/arm-none-eabi/4.9.3/../../../../arm-none-eabi/lib/armv7-m\libg.a(lib_a-stdio.o)
 .ARM.attributes
                0x00000000       0x2d d:/tools/arm/gnu tools arm embedded/bin/../lib/gcc/arm-none-eabi/4.9.3/../../../../arm-none-eabi/lib/armv7-m\libg.a(lib_a-stdio.o)
 .text          0x00000000        0x0 d:/tools/arm/gnu tools arm embedded/bin/../lib/gcc/arm-none-eabi/4.9.3/../../../../arm-none-eabi/lib/armv7-m\libg.a(lib_a-strlen.o)
 .data          0x00000000        0x0 d:/tools/arm/gnu tools arm embedded/bin/../lib/gcc/arm-none-eabi/4.9.3/../../../../arm-none-eabi/lib/armv7-m\libg.a(lib_a-strlen.o)
 .bss           0x00000000        0x0 d:/tools/arm/gnu tools arm embedded/bin/../lib/gcc/arm-none-eabi/4.9.3/../../../../arm-none-eabi/lib/armv7-m\libg.a(lib_a-strlen.o)
 .text.strlen   0x00000000       0x5c d:/tools/arm/gnu tools arm embedded/bin/../lib/gcc/arm-none-eabi/4.9.3/../../../../arm-none-eabi/lib/armv7-m\libg.a(lib_a-strlen.o)
 .debug_frame   0x00000000       0x20 d:/tools/arm/gnu tools arm embedded/bin/../lib/gcc/arm-none-eabi/4.9.3/../../../../arm-none-eabi/lib/armv7-m\libg.a(lib_a-strlen.o)
 .ARM.attributes
                0x00000000       0x2d d:/tools/arm/gnu tools arm embedded/bin/../lib/gcc/arm-none-eabi/4.9.3/../../../../arm-none-eabi/lib/armv7-m\libg.a(lib_a-strlen.o)
 .text          0x00000000        0x0 d:/tools/arm/gnu tools arm embedded/bin/../lib/gcc/arm-none-eabi/4.9.3/../../../../arm-none-eabi/lib/armv7-m\libg.a(lib_a-writer.o)
 .data          0x00000000        0x0 d:/tools/arm/gnu tools arm embedded/bin/../lib/gcc/arm-none-eabi/4.9.3/../../../../arm-none-eabi/lib/armv7-m\libg.a(lib_a-writer.o)
 .bss           0x00000000        0x0 d:/tools/arm/gnu tools arm embedded/bin/../lib/gcc/arm-none-eabi/4.9.3/../../../../arm-none-eabi/lib/armv7-m\libg.a(lib_a-writer.o)
 .text._write_r
                0x00000000       0x28 d:/tools/arm/gnu tools arm embedded/bin/../lib/gcc/arm-none-eabi/4.9.3/../../../../arm-none-eabi/lib/armv7-m\libg.a(lib_a-writer.o)
 .debug_frame   0x00000000       0x2c d:/tools/arm/gnu tools arm embedded/bin/../lib/gcc/arm-none-eabi/4.9.3/../../../../arm-none-eabi/lib/armv7-m\libg.a(lib_a-writer.o)
 .ARM.attributes
                0x00000000       0x2d d:/tools/arm/gnu tools arm embedded/bin/../lib/gcc/arm-none-eabi/4.9.3/../../../../arm-none-eabi/lib/armv7-m\libg.a(lib_a-writer.o)
 .text          0x00000000        0x0 d:/tools/arm/gnu tools arm embedded/bin/../lib/gcc/arm-none-eabi/4.9.3/../../../../arm-none-eabi/lib/armv7-m\libg.a(lib_a-closer.o)
 .data          0x00000000        0x0 d:/tools/arm/gnu tools arm embedded/bin/../lib/gcc/arm-none-eabi/4.9.3/../../../../arm-none-eabi/lib/armv7-m\libg.a(lib_a-closer.o)
 .bss           0x00000000        0x0 d:/tools/arm/gnu tools arm embedded/bin/../lib/gcc/arm-none-eabi/4.9.3/../../../../arm-none-eabi/lib/armv7-m\libg.a(lib_a-closer.o)
 .text._close_r
                0x00000000       0x24 d:/tools/arm/gnu tools arm embedded/bin/../lib/gcc/arm-none-eabi/4.9.3/../../../../arm-none-eabi/lib/armv7-m\libg.a(lib_a-closer.o)
 .debug_frame   0x00000000       0x2c d:/tools/arm/gnu tools arm embedded/bin/../lib/gcc/arm-none-eabi/4.9.3/../../../../arm-none-eabi/lib/armv7-m\libg.a(lib_a-closer.o)
 .ARM.attributes
                0x00000000       0x2d d:/tools/arm/gnu tools arm embedded/bin/../lib/gcc/arm-none-eabi/4.9.3/../../../../arm-none-eabi/lib/armv7-m\libg.a(lib_a-closer.o)
 .text          0x00000000        0x0 d:/tools/arm/gnu tools arm embedded/bin/../lib/gcc/arm-none-eabi/4.9.3/../../../../arm-none-eabi/lib/armv7-m\libg.a(lib_a-fclose.o)
 .data          0x00000000        0x0 d:/tools/arm/gnu tools arm embedded/bin/../lib/gcc/arm-none-eabi/4.9.3/../../../../arm-none-eabi/lib/armv7-m\libg.a(lib_a-fclose.o)
 .bss           0x00000000        0x0 d:/tools/arm/gnu tools arm embedded/bin/../lib/gcc/arm-none-eabi/4.9.3/../../../../arm-none-eabi/lib/armv7-m\libg.a(lib_a-fclose.o)
 .text._fclose_r
                0x00000000       0x84 d:/tools/arm/gnu tools arm embedded/bin/../lib/gcc/arm-none-eabi/4.9.3/../../../../arm-none-eabi/lib/armv7-m\libg.a(lib_a-fclose.o)
 .text.fclose   0x00000000       0x10 d:/tools/arm/gnu tools arm embedded/bin/../lib/gcc/arm-none-eabi/4.9.3/../../../../arm-none-eabi/lib/armv7-m\libg.a(lib_a-fclose.o)
 .debug_frame   0x00000000       0x44 d:/tools/arm/gnu tools arm embedded/bin/../lib/gcc/arm-none-eabi/4.9.3/../../../../arm-none-eabi/lib/armv7-m\libg.a(lib_a-fclose.o)
 .ARM.attributes
                0x00000000       0x2d d:/tools/arm/gnu tools arm embedded/bin/../lib/gcc/arm-none-eabi/4.9.3/../../../../arm-none-eabi/lib/armv7-m\libg.a(lib_a-fclose.o)
 .text          0x00000000        0x0 d:/tools/arm/gnu tools arm embedded/bin/../lib/gcc/arm-none-eabi/4.9.3/../../../../arm-none-eabi/lib/armv7-m\libg.a(lib_a-fflush.o)
 .data          0x00000000        0x0 d:/tools/arm/gnu tools arm embedded/bin/../lib/gcc/arm-none-eabi/4.9.3/../../../../arm-none-eabi/lib/armv7-m\libg.a(lib_a-fflush.o)
 .bss           0x00000000        0x0 d:/tools/arm/gnu tools arm embedded/bin/../lib/gcc/arm-none-eabi/4.9.3/../../../../arm-none-eabi/lib/armv7-m\libg.a(lib_a-fflush.o)
 .text.__sflush_r
                0x00000000      0x148 d:/tools/arm/gnu tools arm embedded/bin/../lib/gcc/arm-none-eabi/4.9.3/../../../../arm-none-eabi/lib/armv7-m\libg.a(lib_a-fflush.o)
 .text._fflush_r
                0x00000000       0x2c d:/tools/arm/gnu tools arm embedded/bin/../lib/gcc/arm-none-eabi/4.9.3/../../../../arm-none-eabi/lib/armv7-m\libg.a(lib_a-fflush.o)
 .text.fflush   0x00000000       0x24 d:/tools/arm/gnu tools arm embedded/bin/../lib/gcc/arm-none-eabi/4.9.3/../../../../arm-none-eabi/lib/armv7-m\libg.a(lib_a-fflush.o)
 .debug_frame   0x00000000       0x6c d:/tools/arm/gnu tools arm embedded/bin/../lib/gcc/arm-none-eabi/4.9.3/../../../../arm-none-eabi/lib/armv7-m\libg.a(lib_a-fflush.o)
 .ARM.attributes
                0x00000000       0x2d d:/tools/arm/gnu tools arm embedded/bin/../lib/gcc/arm-none-eabi/4.9.3/../../../../arm-none-eabi/lib/armv7-m\libg.a(lib_a-fflush.o)
 .text          0x00000000        0x0 d:/tools/arm/gnu tools arm embedded/bin/../lib/gcc/arm-none-eabi/4.9.3/../../../../arm-none-eabi/lib/armv7-m\libg.a(lib_a-lseekr.o)
 .data          0x00000000        0x0 d:/tools/arm/gnu tools arm embedded/bin/../lib/gcc/arm-none-eabi/4.9.3/../../../../arm-none-eabi/lib/armv7-m\libg.a(lib_a-lseekr.o)
 .bss           0x00000000        0x0 d:/tools/arm/gnu tools arm embedded/bin/../lib/gcc/arm-none-eabi/4.9.3/../../../../arm-none-eabi/lib/armv7-m\libg.a(lib_a-lseekr.o)
 .text._lseek_r
                0x00000000       0x28 d:/tools/arm/gnu tools arm embedded/bin/../lib/gcc/arm-none-eabi/4.9.3/../../../../arm-none-eabi/lib/armv7-m\libg.a(lib_a-lseekr.o)
 .debug_frame   0x00000000       0x2c d:/tools/arm/gnu tools arm embedded/bin/../lib/gcc/arm-none-eabi/4.9.3/../../../../arm-none-eabi/lib/armv7-m\libg.a(lib_a-lseekr.o)
 .ARM.attributes
                0x00000000       0x2d d:/tools/arm/gnu tools arm embedded/bin/../lib/gcc/arm-none-eabi/4.9.3/../../../../arm-none-eabi/lib/armv7-m\libg.a(lib_a-lseekr.o)
 .text          0x00000000        0x0 d:/tools/arm/gnu tools arm embedded/bin/../lib/gcc/arm-none-eabi/4.9.3/../../../../arm-none-eabi/lib/armv7-m\libg.a(lib_a-readr.o)
 .data          0x00000000        0x0 d:/tools/arm/gnu tools arm embedded/bin/../lib/gcc/arm-none-eabi/4.9.3/../../../../arm-none-eabi/lib/armv7-m\libg.a(lib_a-readr.o)
 .bss           0x00000000        0x0 d:/tools/arm/gnu tools arm embedded/bin/../lib/gcc/arm-none-eabi/4.9.3/../../../../arm-none-eabi/lib/armv7-m\libg.a(lib_a-readr.o)
 .text._read_r  0x00000000       0x28 d:/tools/arm/gnu tools arm embedded/bin/../lib/gcc/arm-none-eabi/4.9.3/../../../../arm-none-eabi/lib/armv7-m\libg.a(lib_a-readr.o)
 .debug_frame   0x00000000       0x2c d:/tools/arm/gnu tools arm embedded/bin/../lib/gcc/arm-none-eabi/4.9.3/../../../../arm-none-eabi/lib/armv7-m\libg.a(lib_a-readr.o)
 .ARM.attributes
                0x00000000       0x2d d:/tools/arm/gnu tools arm embedded/bin/../lib/gcc/arm-none-eabi/4.9.3/../../../../arm-none-eabi/lib/armv7-m\libg.a(lib_a-readr.o)
 .text          0x00000000        0x0 d:/tools/arm/gnu tools arm embedded/bin/../lib/gcc/arm-none-eabi/4.9.3/armv7-m/crtend.o
 .data          0x00000000        0x0 d:/tools/arm/gnu tools arm embedded/bin/../lib/gcc/arm-none-eabi/4.9.3/armv7-m/crtend.o
 .bss           0x00000000        0x0 d:/tools/arm/gnu tools arm embedded/bin/../lib/gcc/arm-none-eabi/4.9.3/armv7-m/crtend.o
 .eh_frame      0x00000000        0x4 d:/tools/arm/gnu tools arm embedded/bin/../lib/gcc/arm-none-eabi/4.9.3/armv7-m/crtend.o
 .text          0x00000000        0x0 d:/tools/arm/gnu tools arm embedded/bin/../lib/gcc/arm-none-eabi/4.9.3/armv7-m/crtn.o
 .data          0x00000000        0x0 d:/tools/arm/gnu tools arm embedded/bin/../lib/gcc/arm-none-eabi/4.9.3/armv7-m/crtn.o
 .bss           0x00000000        0x0 d:/tools/arm/gnu tools arm embedded/bin/../lib/gcc/arm-none-eabi/4.9.3/armv7-m/crtn.o

Memory Configuration

Name             Origin             Length             Attributes
rom              0x08000000         0x00010000         xr
ram              0x20000000         0x00005000         xrw
*default*        0x00000000         0xffffffff

Linker script and memory map

LOAD d:/tools/arm/gnu tools arm embedded/bin/../lib/gcc/arm-none-eabi/4.9.3/armv7-m/crti.o
LOAD d:/tools/arm/gnu tools arm embedded/bin/../lib/gcc/arm-none-eabi/4.9.3/armv7-m/crtbegin.o
LOAD d:/tools/arm/gnu tools arm embedded/bin/../lib/gcc/arm-none-eabi/4.9.3/../../../../arm-none-eabi/lib/armv7-m/crt0.o
                0x20005000                _eram = 0x20005000

.text           0x08000000     0x1910
 *(.isr_vector)
 .isr_vector    0x08000000      0x10c ..\obj\startup_stm32f10x_md.o
                0x08000000                g_pfnVectors
 *(.text*)
 .text          0x0800010c       0x5c d:/tools/arm/gnu tools arm embedded/bin/../lib/gcc/arm-none-eabi/4.9.3/armv7-m/crtbegin.o
 .text._ZN26UartCommunicationInterface4InitEv
                0x08000168       0xe4 ..\obj\uart_communication_interface.o
                0x08000168                UartCommunicationInterface::Init()
 .text._ZN26UartCommunicationInterface14PeriodicUpdateEv
                0x0800024c       0xe0 ..\obj\uart_communication_interface.o
                0x0800024c                UartCommunicationInterface::PeriodicUpdate()
 .text.SystemInit
                0x0800032c       0xc4 ..\obj\system_stm32f10x.o
                0x0800032c                SystemInit
 .text.DMA1_Channel7_IRQHandler
                0x080003f0       0x2c ..\obj\common.o
                0x080003f0                DMA1_Channel7_IRQHandler
 .text.USART2_IRQHandler
                0x0800041c       0x28 ..\obj\common.o
                0x0800041c                USART2_IRQHandler
 .text.SysTick_Handler
                0x08000444       0x54 ..\obj\common.o
                0x08000444                SysTick_Handler
 .text.Default_Handler
                0x08000498        0x4 ..\obj\startup_stm32f10x_md.o
                0x08000498                EXTI2_IRQHandler
                0x08000498                DebugMon_Handler
                0x08000498                TIM1_CC_IRQHandler
                0x08000498                HardFault_Handler
                0x08000498                PVD_IRQHandler
                0x08000498                PendSV_Handler
                0x08000498                NMI_Handler
                0x08000498                EXTI3_IRQHandler
                0x08000498                EXTI0_IRQHandler
                0x08000498                I2C2_EV_IRQHandler
                0x08000498                UsageFault_Handler
                0x08000498                ADC1_2_IRQHandler
                0x08000498                SPI1_IRQHandler
                0x08000498                TAMPER_IRQHandler
                0x08000498                DMA1_Channel4_IRQHandler
                0x08000498                USART3_IRQHandler
                0x08000498                RTC_IRQHandler
                0x08000498                CAN1_RX1_IRQHandler
                0x08000498                TIM4_IRQHandler
                0x08000498                I2C1_EV_IRQHandler
                0x08000498                DMA1_Channel6_IRQHandler
                0x08000498                TIM3_IRQHandler
                0x08000498                RCC_IRQHandler
                0x08000498                TIM1_TRG_COM_IRQHandler
                0x08000498                DMA1_Channel1_IRQHandler
                0x08000498                EXTI15_10_IRQHandler
                0x08000498                EXTI9_5_IRQHandler
                0x08000498                SPI2_IRQHandler
                0x08000498                MemManage_Handler
                0x08000498                SVC_Handler
                0x08000498                DMA1_Channel5_IRQHandler
                0x08000498                EXTI4_IRQHandler
                0x08000498                USB_LP_CAN1_RX0_IRQHandler
                0x08000498                USB_HP_CAN1_TX_IRQHandler
                0x08000498                DMA1_Channel3_IRQHandler
                0x08000498                TIM1_UP_IRQHandler
                0x08000498                WWDG_IRQHandler
                0x08000498                TIM2_IRQHandler
                0x08000498                TIM1_BRK_IRQHandler
                0x08000498                EXTI1_IRQHandler
                0x08000498                RTCAlarm_IRQHandler
                0x08000498                I2C2_ER_IRQHandler
                0x08000498                DMA1_Channel2_IRQHandler
                0x08000498                CAN1_SCE_IRQHandler
                0x08000498                FLASH_IRQHandler
                0x08000498                BusFault_Handler
                0x08000498                USART1_IRQHandler
                0x08000498                I2C1_ER_IRQHandler
                0x08000498                USBWakeUp_IRQHandler
 .text.Default_Reset_Handler
                0x0800049c       0x4c ..\obj\startup_stm32f10x_md.o
                0x0800049c                Default_Reset_Handler
                0x0800049c                Reset_Handler
 .text._ZN3App3RunEv
                0x080004e8       0xa4 ..\obj\main.o
                0x080004e8                App::Run()
 .text.startup.main
                0x0800058c      0x134 ..\obj\main.o
                0x0800058c                main
 .text          0x080006c0      0xa54 d:/tools/arm/gnu tools arm embedded/bin/../lib/gcc/arm-none-eabi/4.9.3/armv7-m\libgcc.a(unwind-arm.o)
                0x080009a0                _Unwind_GetCFA
                0x080009a4                __gnu_Unwind_RaiseException
                0x08000a04                __gnu_Unwind_ForcedUnwind
                0x08000a18                __gnu_Unwind_Resume
                0x08000a5c                __gnu_Unwind_Resume_or_Rethrow
                0x08000a70                _Unwind_Complete
                0x08000a74                _Unwind_DeleteException
                0x08000a80                _Unwind_VRS_Get
                0x08000ad0                _Unwind_VRS_Set
                0x08000b20                __gnu_Unwind_Backtrace
                0x08000e64                __aeabi_unwind_cpp_pr0
                0x08000e68                __aeabi_unwind_cpp_pr1
                0x08000e6c                __aeabi_unwind_cpp_pr2
                0x08000e70                _Unwind_VRS_Pop
 .text          0x08001114      0x1ac d:/tools/arm/gnu tools arm embedded/bin/../lib/gcc/arm-none-eabi/4.9.3/armv7-m\libgcc.a(libunwind.o)
                0x08001114                __restore_core_regs
                0x08001114                restore_core_regs
                0x0800112c                __gnu_Unwind_Restore_VFP
                0x08001134                __gnu_Unwind_Save_VFP
                0x0800113c                __gnu_Unwind_Restore_VFP_D
                0x08001144                __gnu_Unwind_Save_VFP_D
                0x0800114c                __gnu_Unwind_Restore_VFP_D_16_to_31
                0x08001154                __gnu_Unwind_Save_VFP_D_16_to_31
                0x0800115c                __gnu_Unwind_Restore_WMMXD
                0x080011a0                __gnu_Unwind_Save_WMMXD
                0x080011e4                __gnu_Unwind_Restore_WMMXC
                0x080011f8                __gnu_Unwind_Save_WMMXC
                0x0800120c                ___Unwind_RaiseException
                0x0800120c                _Unwind_RaiseException
                0x08001230                _Unwind_Resume
                0x08001230                ___Unwind_Resume
                0x08001254                _Unwind_Resume_or_Rethrow
                0x08001254                ___Unwind_Resume_or_Rethrow
                0x08001278                _Unwind_ForcedUnwind
                0x08001278                ___Unwind_ForcedUnwind
                0x0800129c                ___Unwind_Backtrace
                0x0800129c                _Unwind_Backtrace
 .text          0x080012c0      0x37c d:/tools/arm/gnu tools arm embedded/bin/../lib/gcc/arm-none-eabi/4.9.3/armv7-m\libgcc.a(pr-support.o)
                0x08001318                __gnu_unwind_execute
                0x080015e4                __gnu_unwind_frame
                0x0800160c                _Unwind_GetRegionStart
                0x08001618                _Unwind_GetLanguageSpecificData
                0x0800162c                _Unwind_GetDataRelBase
                0x08001634                _Unwind_GetTextRelBase
 .text.abort    0x0800163c       0x10 d:/tools/arm/gnu tools arm embedded/bin/../lib/gcc/arm-none-eabi/4.9.3/../../../../arm-none-eabi/lib/armv7-m\libc.a(lib_a-abort.o)
                0x0800163c                abort
 .text          0x0800164c       0xec d:/tools/arm/gnu tools arm embedded/bin/../lib/gcc/arm-none-eabi/4.9.3/../../../../arm-none-eabi/lib/armv7-m\libc.a(lib_a-memcpy.o)
                0x0800164c                memcpy
 .text._raise_r
                0x08001738       0x58 d:/tools/arm/gnu tools arm embedded/bin/../lib/gcc/arm-none-eabi/4.9.3/../../../../arm-none-eabi/lib/armv7-m\libc.a(lib_a-signal.o)
                0x08001738                _raise_r
 .text.raise    0x08001790       0x10 d:/tools/arm/gnu tools arm embedded/bin/../lib/gcc/arm-none-eabi/4.9.3/../../../../arm-none-eabi/lib/armv7-m\libc.a(lib_a-signal.o)
                0x08001790                raise
 .text._kill_r  0x080017a0       0x28 d:/tools/arm/gnu tools arm embedded/bin/../lib/gcc/arm-none-eabi/4.9.3/../../../../arm-none-eabi/lib/armv7-m\libc.a(lib_a-signalr.o)
                0x080017a0                _kill_r
 .text._getpid_r
                0x080017c8        0x4 d:/tools/arm/gnu tools arm embedded/bin/../lib/gcc/arm-none-eabi/4.9.3/../../../../arm-none-eabi/lib/armv7-m\libc.a(lib_a-signalr.o)
                0x080017c8                _getpid_r
 .text.startup.register_fini
                0x080017cc       0x14 d:/tools/arm/gnu tools arm embedded/bin/../lib/gcc/arm-none-eabi/4.9.3/../../../../arm-none-eabi/lib/armv7-m\libc.a(lib_a-__call_atexit.o)
 .text.atexit   0x080017e0        0xc d:/tools/arm/gnu tools arm embedded/bin/../lib/gcc/arm-none-eabi/4.9.3/../../../../arm-none-eabi/lib/armv7-m\libc.a(lib_a-atexit.o)
                0x080017e0                atexit
 .text.__libc_fini_array
                0x080017ec       0x2c d:/tools/arm/gnu tools arm embedded/bin/../lib/gcc/arm-none-eabi/4.9.3/../../../../arm-none-eabi/lib/armv7-m\libc.a(lib_a-fini.o)
                0x080017ec                __libc_fini_array
 .text.__register_exitproc
                0x08001818       0xa4 d:/tools/arm/gnu tools arm embedded/bin/../lib/gcc/arm-none-eabi/4.9.3/../../../../arm-none-eabi/lib/armv7-m\libc.a(lib_a-__atexit.o)
                0x08001818                __register_exitproc
 .text._getpid  0x080018bc        0x4 d:/tools/arm/gnu tools arm embedded/bin/../lib/gcc/arm-none-eabi/4.9.3/../../../../arm-none-eabi/lib/armv7-m\librdimon.a(rdimon-syscalls.o)
                0x080018bc                _getpid
 .text._exit    0x080018c0        0x8 d:/tools/arm/gnu tools arm embedded/bin/../lib/gcc/arm-none-eabi/4.9.3/../../../../arm-none-eabi/lib/armv7-m\librdimon.a(rdimon-_exit.o)
                0x080018c0                _exit
 .text._kill    0x080018c8       0x20 d:/tools/arm/gnu tools arm embedded/bin/../lib/gcc/arm-none-eabi/4.9.3/../../../../arm-none-eabi/lib/armv7-m\librdimon.a(rdimon-_kill.o)
                0x080018c8                _kill
 *(.init)
 .init          0x080018e8        0x4 d:/tools/arm/gnu tools arm embedded/bin/../lib/gcc/arm-none-eabi/4.9.3/armv7-m/crti.o
                0x080018e8                _init
 .init          0x080018ec        0x8 d:/tools/arm/gnu tools arm embedded/bin/../lib/gcc/arm-none-eabi/4.9.3/armv7-m/crtn.o
 *(.fini)
 .fini          0x080018f4        0x4 d:/tools/arm/gnu tools arm embedded/bin/../lib/gcc/arm-none-eabi/4.9.3/armv7-m/crti.o
                0x080018f4                _fini
 .fini          0x080018f8        0x8 d:/tools/arm/gnu tools arm embedded/bin/../lib/gcc/arm-none-eabi/4.9.3/armv7-m/crtn.o
 *crtbegin.o(.ctors)
 *crtbegin?.o(.ctors)
 *(EXCLUDE_FILE(*crtend.o *crtend?.o) .ctors)
 *(SORT(.ctors.*))
 *(.ctors)
 *crtbegin.o(.dtors)
 *crtbegin?.o(.dtors)
 *(EXCLUDE_FILE(*crtend.o *crtend?.o) .dtors)
 *(SORT(.dtors.*))
 *(.dtors)
 *(.rodata*)
 .rodata        0x08001900        0x8 ..\obj\encoder_interface.o
                0x08001900                OutputEncoder::outputMap
 .rodata.str1.4
                0x08001908        0x4 d:/tools/arm/gnu tools arm embedded/bin/../lib/gcc/arm-none-eabi/4.9.3/../../../../arm-none-eabi/lib/armv7-m\libc.a(lib_a-impure.o)
 .rodata._global_impure_ptr
                0x0800190c        0x4 d:/tools/arm/gnu tools arm embedded/bin/../lib/gcc/arm-none-eabi/4.9.3/../../../../arm-none-eabi/lib/armv7-m\libc.a(lib_a-impure.o)
                0x0800190c                _global_impure_ptr
 *(.eh_fram e*)

.glue_7         0x08001910        0x0
 .glue_7        0x00000000        0x0 linker stubs

.glue_7t        0x08001910        0x0
 .glue_7t       0x00000000        0x0 linker stubs

.vfp11_veneer   0x08001910        0x0
 .vfp11_veneer  0x00000000        0x0 linker stubs

.v4_bx          0x08001910        0x0
 .v4_bx         0x00000000        0x0 linker stubs

.iplt           0x08001910        0x0
 .iplt          0x00000000        0x0 d:/tools/arm/gnu tools arm embedded/bin/../lib/gcc/arm-none-eabi/4.9.3/armv7-m/crtbegin.o

.ARM.extab      0x08001910       0x18
 *(.ARM.extab* .gnu.linkonce.armextab.*)
 .ARM.extab.text._ZN3App3RunEv
                0x08001910        0x0 ..\obj\main.o
 .ARM.extab     0x08001910       0x18 d:/tools/arm/gnu tools arm embedded/bin/../lib/gcc/arm-none-eabi/4.9.3/armv7-m\libgcc.a(pr-support.o)
                0x08001928                __exidx_start = .

.eh_frame       0x08001928        0x0
 .eh_frame      0x08001928        0x0 d:/tools/arm/gnu tools arm embedded/bin/../lib/gcc/arm-none-eabi/4.9.3/armv7-m/crtbegin.o

.ARM.exidx      0x08001928       0xc8
 *(.ARM.exidx* .gnu.linkonce.armexidx.*)
 .ARM.exidx.text._ZN26UartCommunicationInterface4InitEv
                0x08001928        0x8 ..\obj\uart_communication_interface.o
 .ARM.exidx.text._ZN26UartCommunicationInterface14PeriodicUpdateEv
                0x08001930        0x0 ..\obj\uart_communication_interface.o
                                  0x8 (size before relaxing)
 .ARM.exidx.text.DMA1_Channel7_IRQHandler
                0x08001930        0x0 ..\obj\common.o
                                  0x8 (size before relaxing)
 .ARM.exidx.text.USART2_IRQHandler
                0x08001930        0x0 ..\obj\common.o
                                  0x8 (size before relaxing)
 .ARM.exidx.text.SysTick_Handler
                0x08001930        0x0 ..\obj\common.o
                                  0x8 (size before relaxing)
 .ARM.exidx.text._ZN3App3RunEv
                0x08001930        0x0 ..\obj\main.o
                                  0x8 (size before relaxing)
 .ARM.exidx.text.startup.main
                0x08001930        0x8 ..\obj\main.o
 .ARM.exidx     0x08001938       0x80 d:/tools/arm/gnu tools arm embedded/bin/../lib/gcc/arm-none-eabi/4.9.3/armv7-m\libgcc.a(unwind-arm.o)
                                 0xd8 (size before relaxing)
 .ARM.exidx     0x080019b8       0x38 d:/tools/arm/gnu tools arm embedded/bin/../lib/gcc/arm-none-eabi/4.9.3/armv7-m\libgcc.a(pr-support.o)
                                 0x48 (size before relaxing)
                0x080019f0                __exidx_end = .
                0x080019f0                __etext = .
                0x080019f0                _sidata = __etext

.rel.dyn        0x080019f0        0x0
 .rel.iplt      0x00000000        0x0 d:/tools/arm/gnu tools arm embedded/bin/../lib/gcc/arm-none-eabi/4.9.3/armv7-m/crtbegin.o

.data           0x20000000      0x43c load address 0x080019f0
                0x20000000                __data_start__ = .
                0x20000000                _sdata = __data_start__
 *(vtable)
 *(.data*)
 .data.impure_data
                0x20000000      0x428 d:/tools/arm/gnu tools arm embedded/bin/../lib/gcc/arm-none-eabi/4.9.3/../../../../arm-none-eabi/lib/armv7-m\libc.a(lib_a-impure.o)
 .data._impure_ptr
                0x20000428        0x4 d:/tools/arm/gnu tools arm embedded/bin/../lib/gcc/arm-none-eabi/4.9.3/../../../../arm-none-eabi/lib/armv7-m\libc.a(lib_a-impure.o)
                0x20000428                _impure_ptr
                0x2000042c                . = ALIGN (0x4)
                0x2000042c                PROVIDE (__preinit_array_start, .)
 *(.preinit_array)
                0x2000042c                PROVIDE (__preinit_array_end, .)
                0x2000042c                . = ALIGN (0x4)
                0x2000042c                PROVIDE (__init_array_start, .)
 *(SORT(.init_array.*))
 .init_array.00000
                0x2000042c        0x4 d:/tools/arm/gnu tools arm embedded/bin/../lib/gcc/arm-none-eabi/4.9.3/../../../../arm-none-eabi/lib/armv7-m\libc.a(lib_a-__call_atexit.o)
 *(.init_array)
 .init_array    0x20000430        0x4 d:/tools/arm/gnu tools arm embedded/bin/../lib/gcc/arm-none-eabi/4.9.3/armv7-m/crtbegin.o
                0x20000434                PROVIDE (__init_array_end, .)
                0x20000434                . = ALIGN (0x4)
                0x20000434                PROVIDE (__fini_array_start, .)
 *(SORT(.fini_array.*))
 *(.fini_array)
 .fini_array    0x20000434        0x4 d:/tools/arm/gnu tools arm embedded/bin/../lib/gcc/arm-none-eabi/4.9.3/armv7-m/crtbegin.o
                0x20000438                PROVIDE (__fini_array_end, .)
 *(.jcr*)
 .jcr           0x20000438        0x0 d:/tools/arm/gnu tools arm embedded/bin/../lib/gcc/arm-none-eabi/4.9.3/armv7-m/crtbegin.o
 .jcr           0x20000438        0x4 d:/tools/arm/gnu tools arm embedded/bin/../lib/gcc/arm-none-eabi/4.9.3/armv7-m/crtend.o
                0x2000043c                . = ALIGN (0x4)
                0x2000043c                __data_end__ = .
                0x2000043c                _edata = __data_end__

.igot.plt       0x2000043c        0x0 load address 0x08001e2c
 .igot.plt      0x00000000        0x0 d:/tools/arm/gnu tools arm embedded/bin/../lib/gcc/arm-none-eabi/4.9.3/armv7-m/crtbegin.o

.bss            0x2000043c       0x24 load address 0x08001e2c
                0x2000043c                . = ALIGN (0x4)
                0x2000043c                __bss_start__ = .
                0x2000043c                _sbss = __bss_start__
 *(.bss*)
 .bss           0x2000043c       0x1c d:/tools/arm/gnu tools arm embedded/bin/../lib/gcc/arm-none-eabi/4.9.3/armv7-m/crtbegin.o
 .bss           0x20000458        0x4 ..\obj\main.o
                0x20000458                pApp
 *(COMMON)
 COMMON         0x2000045c        0x4 d:/tools/arm/gnu tools arm embedded/bin/../lib/gcc/arm-none-eabi/4.9.3/../../../../arm-none-eabi/lib/armv7-m\libc.a(lib_a-reent.o)
                0x2000045c                errno
                0x20000460                . = ALIGN (0x4)
                0x20000460                __bss_end__ = .
                0x20000460                _ebss = __bss_end__

.heap           0x20000460        0x0
                0x20000460                __end__ = .
                0x20000460                _end = __end__
                0x20000460                end = __end__
 *(.heap*)
                0x20000460                __HeapLimit = .

.co_stack       0x20000460      0x400 load address 0x08001e50
                0x20000460                . = ALIGN (0x8)
 *(.co_stack .co_stack.*)
 .co_stack      0x20000460      0x400 ..\obj\startup_stm32f10x_md.o
                0x20000460                pulStack
                0x20005000                __StackTop = (ORIGIN (ram) + 0x5000)
                0x20004c00                __StackLimit = (__StackTop - SIZEOF (.co_stack))
                0x20005000                PROVIDE (__stack, __StackTop)
                0x00000001                ASSERT ((__StackLimit >= __HeapLimit), region ram  overflowed with stack)
LOAD ..\obj\uart_communication_interface.o
LOAD ..\obj\system_stm32f10x.o
LOAD ..\obj\common.o
LOAD ..\obj\startup_stm32f10x_md.o
LOAD ..\obj\main.o
LOAD ..\obj\encoder_interface.o
LOAD d:/tools/arm/gnu tools arm embedded/bin/../lib/gcc/arm-none-eabi/4.9.3/../../../../arm-none-eabi/lib/armv7-m\libm.a
LOAD d:/tools/arm/gnu tools arm embedded/bin/../lib/gcc/arm-none-eabi/4.9.3/armv7-m\libgcc.a
LOAD d:/tools/arm/gnu tools arm embedded/bin/../lib/gcc/arm-none-eabi/4.9.3/../../../../arm-none-eabi/lib/armv7-m\libc.a
LOAD d:/tools/arm/gnu tools arm embedded/bin/../lib/gcc/arm-none-eabi/4.9.3/../../../../arm-none-eabi/lib/armv7-m\librdimon.a
LOAD d:/tools/arm/gnu tools arm embedded/bin/../lib/gcc/arm-none-eabi/4.9.3/../../../../arm-none-eabi/lib/armv7-m\libstdc++.a
START GROUP
LOAD d:/tools/arm/gnu tools arm embedded/bin/../lib/gcc/arm-none-eabi/4.9.3/armv7-m\libgcc.a
LOAD d:/tools/arm/gnu tools arm embedded/bin/../lib/gcc/arm-none-eabi/4.9.3/../../../../arm-none-eabi/lib/armv7-m\libg.a
LOAD d:/tools/arm/gnu tools arm embedded/bin/../lib/gcc/arm-none-eabi/4.9.3/../../../../arm-none-eabi/lib/armv7-m\libc.a
END GROUP
LOAD d:/tools/arm/gnu tools arm embedded/bin/../lib/gcc/arm-none-eabi/4.9.3/armv7-m/crtend.o
LOAD d:/tools/arm/gnu tools arm embedded/bin/../lib/gcc/arm-none-eabi/4.9.3/armv7-m/crtn.o
OUTPUT(Tensometer.elf elf32-littlearm)

.ARM.attributes
                0x00000000       0x29
 .ARM.attributes
                0x00000000       0x1d d:/tools/arm/gnu tools arm embedded/bin/../lib/gcc/arm-none-eabi/4.9.3/armv7-m/crti.o
 .ARM.attributes
                0x0000001d       0x2d d:/tools/arm/gnu tools arm embedded/bin/../lib/gcc/arm-none-eabi/4.9.3/armv7-m/crtbegin.o
 .ARM.attributes
                0x0000004a       0x33 ..\obj\uart_communication_interface.o
 .ARM.attributes
                0x0000007d       0x33 ..\obj\system_stm32f10x.o
 .ARM.attributes
                0x000000b0       0x33 ..\obj\common.o
 .ARM.attributes
                0x000000e3       0x33 ..\obj\startup_stm32f10x_md.o
 .ARM.attributes
                0x00000116       0x33 ..\obj\main.o
 .ARM.attributes
                0x00000149       0x33 ..\obj\encoder_interface.o
 .ARM.attributes
                0x0000017c       0x2d d:/tools/arm/gnu tools arm embedded/bin/../lib/gcc/arm-none-eabi/4.9.3/../../../../arm-none-eabi/lib/armv7-m\libc.a(lib_a-impure.o)
 .ARM.attributes
                0x000001a9       0x1b d:/tools/arm/gnu tools arm embedded/bin/../lib/gcc/arm-none-eabi/4.9.3/../../../../arm-none-eabi/lib/armv7-m\libc.a(lib_a-memcpy.o)
 .ARM.attributes
                0x000001c4       0x2d d:/tools/arm/gnu tools arm embedded/bin/../lib/gcc/arm-none-eabi/4.9.3/../../../../arm-none-eabi/lib/armv7-m\libc.a(lib_a-__call_atexit.o)
 .ARM.attributes
                0x000001f1       0x2d d:/tools/arm/gnu tools arm embedded/bin/../lib/gcc/arm-none-eabi/4.9.3/../../../../arm-none-eabi/lib/armv7-m\libc.a(lib_a-atexit.o)
 .ARM.attributes
                0x0000021e       0x2d d:/tools/arm/gnu tools arm embedded/bin/../lib/gcc/arm-none-eabi/4.9.3/../../../../arm-none-eabi/lib/armv7-m\libc.a(lib_a-fini.o)
 .ARM.attributes
                0x0000024b       0x2d d:/tools/arm/gnu tools arm embedded/bin/../lib/gcc/arm-none-eabi/4.9.3/../../../../arm-none-eabi/lib/armv7-m\libc.a(lib_a-__atexit.o)
 .ARM.attributes
                0x00000278       0x2d d:/tools/arm/gnu tools arm embedded/bin/../lib/gcc/arm-none-eabi/4.9.3/armv7-m/crtend.o
 .ARM.attributes
                0x000002a5       0x1d d:/tools/arm/gnu tools arm embedded/bin/../lib/gcc/arm-none-eabi/4.9.3/armv7-m/crtn.o

.comment        0x00000000       0x70
 .comment       0x00000000       0x70 ..\obj\uart_communication_interface.o
                                 0x71 (size before relaxing)
 .comment       0x00000000       0x71 ..\obj\system_stm32f10x.o
 .comment       0x00000000       0x71 ..\obj\common.o
 .comment       0x00000000       0x71 ..\obj\startup_stm32f10x_md.o
 .comment       0x00000000       0x71 ..\obj\main.o
 .comment       0x00000000       0x71 ..\obj\encoder_interface.o

.debug_info     0x00000000     0x26e5
 .debug_info    0x00000000      0x689 ..\obj\uart_communication_interface.o
 .debug_info    0x00000689      0x48b ..\obj\system_stm32f10x.o
 .debug_info    0x00000b14      0x82b ..\obj\common.o
 .debug_info    0x0000133f      0x13d ..\obj\startup_stm32f10x_md.o
 .debug_info    0x0000147c     0x10c1 ..\obj\main.o
 .debug_info    0x0000253d      0x1a8 ..\obj\encoder_interface.o

.debug_abbrev   0x00000000      0xce0
 .debug_abbrev  0x00000000      0x222 ..\obj\uart_communication_interface.o
 .debug_abbrev  0x00000222      0x16c ..\obj\system_stm32f10x.o
 .debug_abbrev  0x0000038e      0x30c ..\obj\common.o
 .debug_abbrev  0x0000069a      0x113 ..\obj\startup_stm32f10x_md.o
 .debug_abbrev  0x000007ad      0x41a ..\obj\main.o
 .debug_abbrev  0x00000bc7      0x119 ..\obj\encoder_interface.o

.debug_loc      0x00000000      0x246
 .debug_loc     0x00000000       0x7e ..\obj\uart_communication_interface.o
 .debug_loc     0x0000007e       0xbc ..\obj\system_stm32f10x.o
 .debug_loc     0x0000013a       0x40 ..\obj\common.o
 .debug_loc     0x0000017a       0xcc ..\obj\main.o

.debug_aranges  0x00000000      0x100
 .debug_aranges
                0x00000000       0x38 ..\obj\uart_communication_interface.o
 .debug_aranges
                0x00000038       0x28 ..\obj\system_stm32f10x.o
 .debug_aranges
                0x00000060       0x38 ..\obj\common.o
 .debug_aranges
                0x00000098       0x28 ..\obj\startup_stm32f10x_md.o
 .debug_aranges
                0x000000c0       0x28 ..\obj\main.o
 .debug_aranges
                0x000000e8       0x18 ..\obj\encoder_interface.o

.debug_ranges   0x00000000      0x2b8
 .debug_ranges  0x00000000       0x78 ..\obj\uart_communication_interface.o
 .debug_ranges  0x00000078       0x38 ..\obj\system_stm32f10x.o
 .debug_ranges  0x000000b0       0x48 ..\obj\common.o
 .debug_ranges  0x000000f8       0x18 ..\obj\startup_stm32f10x_md.o
 .debug_ranges  0x00000110      0x1a8 ..\obj\main.o

.debug_line     0x00000000      0xed5
 .debug_line    0x00000000      0x395 ..\obj\uart_communication_interface.o
 .debug_line    0x00000395      0x1fd ..\obj\system_stm32f10x.o
 .debug_line    0x00000592      0x2d0 ..\obj\common.o
 .debug_line    0x00000862       0xb5 ..\obj\startup_stm32f10x_md.o
 .debug_line    0x00000917      0x3a3 ..\obj\main.o
 .debug_line    0x00000cba      0x21b ..\obj\encoder_interface.o

.debug_str      0x00000000      0xfd6
 .debug_str     0x00000000      0x4c9 ..\obj\uart_communication_interface.o
                                0x585 (size before relaxing)
 .debug_str     0x000004c9      0x1de ..\obj\system_stm32f10x.o
                                0x307 (size before relaxing)
 .debug_str     0x000006a7      0x2e4 ..\obj\common.o
                                0x781 (size before relaxing)
 .debug_str     0x0000098b       0xd5 ..\obj\startup_stm32f10x_md.o
                                0x182 (size before relaxing)
 .debug_str     0x00000a60      0x4b6 ..\obj\main.o
                                0xbfb (size before relaxing)
 .debug_str     0x00000f16       0xc0 ..\obj\encoder_interface.o
                                0x2c4 (size before relaxing)

.debug_frame    0x00000000      0x2a8
 .debug_frame   0x00000000       0xa8 ..\obj\uart_communication_interface.o
 .debug_frame   0x000000a8       0x44 ..\obj\system_stm32f10x.o
 .debug_frame   0x000000ec       0x58 ..\obj\common.o
 .debug_frame   0x00000144       0x3c ..\obj\startup_stm32f10x_md.o
 .debug_frame   0x00000180       0x50 ..\obj\main.o
 .debug_frame   0x000001d0       0x50 d:/tools/arm/gnu tools arm embedded/bin/../lib/gcc/arm-none-eabi/4.9.3/../../../../arm-none-eabi/lib/armv7-m\libc.a(lib_a-__call_atexit.o)
 .debug_frame   0x00000220       0x20 d:/tools/arm/gnu tools arm embedded/bin/../lib/gcc/arm-none-eabi/4.9.3/../../../../arm-none-eabi/lib/armv7-m\libc.a(lib_a-atexit.o)
 .debug_frame   0x00000240       0x34 d:/tools/arm/gnu tools arm embedded/bin/../lib/gcc/arm-none-eabi/4.9.3/../../../../arm-none-eabi/lib/armv7-m\libc.a(lib_a-fini.o)
 .debug_frame   0x00000274       0x34 d:/tools/arm/gnu tools arm embedded/bin/../lib/gcc/arm-none-eabi/4.9.3/../../../../arm-none-eabi/lib/armv7-m\libc.a(lib_a-__atexit.o)
